Archive member included to satisfy reference by file (symbol)

C:/devkitPro/libogc/lib/wii\libwiiuse.a(wpad.o)
                              template.o (WPAD_Init)
C:/devkitPro/libogc/lib/wii\libwiiuse.a(motion_plus.o)
                              C:/devkitPro/libogc/lib/wii\libwiiuse.a(wpad.o) (wiiuse_set_motion_plus)
C:/devkitPro/libogc/lib/wii\libwiiuse.a(dynamics.o)
                              C:/devkitPro/libogc/lib/wii\libwiiuse.a(wpad.o) (calculate_gforce)
C:/devkitPro/libogc/lib/wii\libwiiuse.a(io.o)
                              C:/devkitPro/libogc/lib/wii\libwiiuse.a(motion_plus.o) (wiiuse_disable_expansion)
C:/devkitPro/libogc/lib/wii\libwiiuse.a(io_wii.o)
                              C:/devkitPro/libogc/lib/wii\libwiiuse.a(wpad.o) (__wiiuse_sensorbar_enable)
C:/devkitPro/libogc/lib/wii\libwiiuse.a(ir.o)
                              C:/devkitPro/libogc/lib/wii\libwiiuse.a(motion_plus.o) (wiiuse_set_ir_mode)
C:/devkitPro/libogc/lib/wii\libwiiuse.a(nunchuk.o)
                              C:/devkitPro/libogc/lib/wii\libwiiuse.a(io.o) (nunchuk_handshake)
C:/devkitPro/libogc/lib/wii\libwiiuse.a(wiiboard.o)
                              C:/devkitPro/libogc/lib/wii\libwiiuse.a(io.o) (wii_board_handshake)
C:/devkitPro/libogc/lib/wii\libwiiuse.a(wiiuse.o)
                              C:/devkitPro/libogc/lib/wii\libwiiuse.a(wpad.o) (wiiuse_init)
C:/devkitPro/libogc/lib/wii\libwiiuse.a(speaker.o)
                              C:/devkitPro/libogc/lib/wii\libwiiuse.a(wpad.o) (wencdata)
C:/devkitPro/libogc/lib/wii\libwiiuse.a(classic.o)
                              C:/devkitPro/libogc/lib/wii\libwiiuse.a(io.o) (classic_ctrl_handshake)
C:/devkitPro/libogc/lib/wii\libwiiuse.a(events.o)
                              C:/devkitPro/libogc/lib/wii\libwiiuse.a(io_wii.o) (parse_event)
C:/devkitPro/libogc/lib/wii\libwiiuse.a(guitar_hero_3.o)
                              C:/devkitPro/libogc/lib/wii\libwiiuse.a(io.o) (guitar_hero_3_handshake)
C:/devkitPro/libogc/lib/wii\libbte.a(bte.o)
                              C:/devkitPro/libogc/lib/wii\libwiiuse.a(wpad.o) (BTE_Init)
C:/devkitPro/libogc/lib/wii\libbte.a(hci.o)
                              C:/devkitPro/libogc/lib/wii\libbte.a(bte.o) (hci_init)
C:/devkitPro/libogc/lib/wii\libbte.a(l2cap.o)
                              C:/devkitPro/libogc/lib/wii\libbte.a(bte.o) (l2cap_init)
C:/devkitPro/libogc/lib/wii\libbte.a(btmemb.o)
                              C:/devkitPro/libogc/lib/wii\libbte.a(bte.o) (btmemb_init)
C:/devkitPro/libogc/lib/wii\libbte.a(btmemr.o)
                              C:/devkitPro/libogc/lib/wii\libbte.a(hci.o) (btmemr_init)
C:/devkitPro/libogc/lib/wii\libbte.a(btpbuf.o)
                              C:/devkitPro/libogc/lib/wii\libbte.a(hci.o) (btpbuf_init)
C:/devkitPro/libogc/lib/wii\libbte.a(physbusif.o)
                              C:/devkitPro/libogc/lib/wii\libbte.a(bte.o) (physbusif_init)
C:/devkitPro/libogc/lib/wii\libogc.a(console.o)
                              template.o (CON_Init)
C:/devkitPro/libogc/lib/wii\libogc.a(lwp_queue.o)
                              C:/devkitPro/libogc/lib/wii\libwiiuse.a(io_wii.o) (__lwp_queue_initialize)
C:/devkitPro/libogc/lib/wii\libogc.a(lwp_threads.o)
                              C:/devkitPro/libogc/lib/wii\libwiiuse.a(wpad.o) (_thread_dispatch_disable_level)
C:/devkitPro/libogc/lib/wii\libogc.a(lwp.o)
                              C:/devkitPro/libogc/lib/wii\libbte.a(bte.o) (LWP_InitQueue)
C:/devkitPro/libogc/lib/wii\libogc.a(lwp_handler.o)
                              C:/devkitPro/libogc/lib/wii\libogc.a(lwp_threads.o) (_cpu_context_save_fp)
C:/devkitPro/libogc/lib/wii\libogc.a(lwp_stack.o)
                              C:/devkitPro/libogc/lib/wii\libogc.a(lwp_threads.o) (__lwp_stack_allocate)
C:/devkitPro/libogc/lib/wii\libogc.a(lwp_watchdog.o)
                              C:/devkitPro/libogc/lib/wii\libogc.a(lwp_threads.o) (_wd_ticks_queue)
C:/devkitPro/libogc/lib/wii\libogc.a(lwp_wkspace.o)
                              C:/devkitPro/libogc/lib/wii\libwiiuse.a(motion_plus.o) (__wkspace_heap)
C:/devkitPro/libogc/lib/wii\libogc.a(lwp_objmgr.o)
                              C:/devkitPro/libogc/lib/wii\libogc.a(lwp.o) (__lwp_objmgr_initinfo)
C:/devkitPro/libogc/lib/wii\libogc.a(lwp_heap.o)
                              C:/devkitPro/libogc/lib/wii\libogc.a(lwp_wkspace.o) (__lwp_heap_init)
C:/devkitPro/libogc/lib/wii\libogc.a(sys_state.o)
                              C:/devkitPro/libogc/lib/wii\libogc.a(lwp_threads.o) (_sys_state_curr)
C:/devkitPro/libogc/lib/wii\libogc.a(irq.o)
                              C:/devkitPro/libogc/lib/wii\libwiiuse.a(io_wii.o) (IRQ_Disable)
C:/devkitPro/libogc/lib/wii\libogc.a(video.o)
                              C:/devkitPro/libogc/lib/wii\libogc.a(console.o) (VIDEO_GetCurrentFramebuffer)
C:/devkitPro/libogc/lib/wii\libogc.a(system.o)
                              C:/devkitPro/libogc/lib/wii\libwiiuse.a(wpad.o) (__SYS_DoPowerCB)
[...]
Memory Configuration

Name             Origin             Length             Attributes
*default*        0x00000000         0xffffffff

Linker script and memory map

                0x00003400                        . = 0x3400

.stub
 *(.stub)
                0x80004000                        . = 0x80004000

.init           0x80004000      0x194
 *crt0.o(*.init)
 .init          0x80004000      0x170 C:/devkitPro/libogc/lib/wii\libogc.a(ogc_crt0.o)
                0x80004000                _start
                0x80004140                _memset
 *(.init)
 .init          0x80004170        0xc C:/devkitPro/devkitPPC/bin/../lib/gcc/powerpc-eabi/14.2.0/ecrti.o
                0x80004170                __init
 .init          0x8000417c        0x4 C:/devkitPro/devkitPPC/bin/../lib/gcc/powerpc-eabi/14.2.0/crtbegin.o
 .init          0x80004180        0x4 C:/devkitPro/devkitPPC/bin/../lib/gcc/powerpc-eabi/14.2.0/crtend.o
 .init          0x80004184       0x10 C:/devkitPro/devkitPPC/bin/../lib/gcc/powerpc-eabi/14.2.0/ecrtn.o

.rela.dyn       0x80004194        0x0
 .rela.iplt     0x80004194        0x0 C:/devkitPro/devkitPPC/bin/../lib/gcc/powerpc-eabi/14.2.0/crtbegin.o

.plt
 *(.plt)

.interp
 *(.interp)

.hash
 *(.hash)

.dynsym
 *(.dynsym)

.dynstr
 *(.dynstr)

.gnu.version
 *(.gnu.version)

.gnu.version_d
 *(.gnu.version_d)

.gnu.version_r
 *(.gnu.version_r)

.rel.init
 *(.rel.init)

.rela.init
 *(.rela.init)

.rel.text
 *(.rel.text .rel.text.* .rel.gnu.linkonce.t.*)

.rela.text      0x80004194        0x0
 *(.rela.text .rela.text.* .rela.gnu.linkonce.t.*)
 .rela.text.__do_global_dtors_aux
                0x80004194        0x0 C:/devkitPro/devkitPPC/bin/../lib/gcc/powerpc-eabi/14.2.0/crtbegin.o
 .rela.text.frame_dummy
                0x80004194        0x0 C:/devkitPro/devkitPPC/bin/../lib/gcc/powerpc-eabi/14.2.0/crtbegin.o
 .rela.text.unlikely.abort
                0x80004194        0x0 C:/devkitPro/devkitPPC/bin/../lib/gcc/powerpc-eabi/14.2.0/crtbegin.o
 .rela.text.__assert_func
                0x80004194        0x0 C:/devkitPro/devkitPPC/bin/../lib/gcc/powerpc-eabi/14.2.0/crtbegin.o

.rel.fini
 *(.rel.fini)

.rela.fini
 *(.rela.fini)

.rel.rodata
 *(.rel.rodata .rel.rodata.* .rel.gnu.linkonce.r.*)

.rela.rodata
 *(.rela.rodata .rela.rodata.* .rela.gnu.linkonce.r.*)

.rel.data
 *(.rel.data .rel.data.* .rel.gnu.linkonce.d.*)

.rela.data
 *(.rela.data .rela.data.* .rela.gnu.linkonce.d.*)

.rel.tdata
 *(.rel.tdata .rel.tdata.* .rel.gnu.linkonce.td.*)

.rela.tdata
 *(.rela.tdata .rela.tdata.* .rela.gnu.linkonce.td.*)

.rel.tbss
 *(.rel.tbss .rel.tbss.* .rel.gnu.linkonce.tb.*)

.rela.tbss
 *(.rela.tbss .rela.tbss.* .rela.gnu.linkonce.tb.*)

.rel.ctors
 *(.rel.ctors)

.rela.ctors
 *(.rela.ctors)

.rel.dtors
 *(.rel.dtors)

.rela.dtors
 *(.rela.dtors)

.rel.got
 *(.rel.got)

.rela.got
 *(.rela.got)

.rela.got1
 *(.rela.got1)

.rela.got2
 *(.rela.got2)

.rel.sdata
 *(.rel.sdata .rel.sdata.* .rel.gnu.linkonce.s.*)

.rela.sdata
 *(.rela.sdata .rela.sdata.* .rela.gnu.linkonce.s.*)

.rel.sbss
 *(.rel.sbss .rel.sbss.* .rel.gnu.linkonce.sb.*)

.rela.sbss
 *(.rela.sbss .rela.sbss.* .rel.gnu.linkonce.sb.*)

.rel.sdata2
 *(.rel.sdata2 .rel.sdata2.* .rel.gnu.linkonce.s2.*)

.rela.sdata2
 *(.rela.sdata2 .rela.sdata2.* .rela.gnu.linkonce.s2.*)

.rel.sbss2
 *(.rel.sbss2 .rel.sbss2.* .rel.gnu.linkonce.sb2.*)

.rela.sbss2
 *(.rela.sbss2 .rela.sbss2.* .rela.gnu.linkonce.sb2.*)

.rel.bss
 *(.rel.bss .rel.bss.* .rel.gnu.linkonce.b.*)

.rela.bss
 *(.rela.bss .rela.bss.* .rela.gnu.linkonce.b.*)

.rel.plt
 *(.rel.plt)

.rela.plt
 *(.rela.plt)

.text           0x800041a0    0x39160
 *(.text)
 .text          0x800041a0      0x44c C:/devkitPro/libogc/lib/wii\libogc.a(lwp_handler.o)
                0x800041a0                _cpu_context_save_fp
                0x800042e0                _cpu_context_restore_fp
                0x80004420                _cpu_context_switch
                0x80004500                _cpu_context_save
                0x80004580                _cpu_context_restore
 .text          0x800045ec      0x4a0 C:/devkitPro/libogc/lib/wii\libogc.a(system_asm.o)
                0x800045ec                __realmode
                0x80004604                __configBATS
                0x80004734                __InitFPRS
                0x80004860                __InitPS
                0x800048bc                __InitCache
                0x80004914                __InitSystem
                0x8000499c                __flush_cache
                0x800049d0                __reset
                0x80004a40                __InitBATS
                0x80004a5c                SYS_SwitchFiber
 .text          0x80004a8c      0x1ac C:/devkitPro/libogc/lib/wii\libogc.a(irq_handler.o)
                0x80004a8c                irq_exceptionhandler
 .text          0x80004c38      0x4f4 C:/devkitPro/libogc/lib/wii\libogc.a(cache_asm.o)
                0x80004c38                DCFlashInvalidate
                0x80004c4c                DCEnable
                0x80004c60                DCDisable
                0x80004c74                DCFreeze
                0x80004c88                DCUnfreeze
                0x80004c9c                DCTouchLoad
                0x80004ca4                DCBlockZero
                0x80004cac                DCBlockStore
                0x80004cb4                DCBlockFlush
                0x80004cbc                DCBlockInvalidate
                0x80004cc4                DCInvalidateRange
                0x80004cf4                DCFlushRange
                0x80004d28                DCStoreRange
                0x80004d5c                DCFlushRangeNoSync
                0x80004d8c                DCStoreRangeNoSync
                0x80004dbc                DCZeroRange
                0x80004dec                DCTouchRange
                0x80004e1c                ICInvalidateRange
                0x80004e54                ICFlashInvalidate
                0x80004e68                ICEnable
                0x80004e7c                ICDisable
                0x80004e90                ICFreeze
                0x80004ea4                ICUnfreeze
                0x80004eb8                ICBlockInvalidate
                0x80004ec0                ICSync
                0x80004ec8                L2Init
                0x80004f10                L2Enable
                0x80004f2c                L2Disable
                0x80004f44                L2GlobalInvalidate
                0x80004f9c                __LCEnable
                0x80005068                LCDisable
                0x80005090                LCAllocOneTag
                0x800050a4                LCAllocTags
                0x800050e4                LCLoadBlocks
                0x80005108                LCStoreBlocks
 .text          0x8000512c      0x1ac C:/devkitPro/libogc/lib/wii\libogc.a(decrementer_handler.o)
                0x8000512c                dec_exceptionhandler
 .text          0x800052d8      0x35c C:/devkitPro/libogc/lib/wii\libogc.a(exception_handler.o)
                0x800052d8                exceptionhandler_start
                0x80005354                exceptionhandler_patch
                0x80005388                exceptionhandler_end
                0x8000538c                default_exceptionhandler
                0x800054bc                fpu_exceptionhandler
                0x80005604                systemcallhandler_start
                0x80005630                systemcallhandler_end
 .text          0x80005634       0x48 C:/devkitPro/devkitPPC/bin/../lib/gcc/powerpc-eabi/14.2.0\libgcc.a(eabi.o)
                0x80005634                __eabi
 .text          0x8000567c       0x58 C:/devkitPro/devkitPPC/bin/../lib/gcc/powerpc-eabi/14.2.0\libgcc.a(crtresxfpr.o)
                0x8000567c                _restfpr_14_x
                0x80005680                _restfpr_15_x
                0x80005684                _restfpr_16_x
                0x80005688                _restfpr_17_x
                0x8000568c                _restfpr_18_x
                0x80005690                _restfpr_19_x
                0x80005694                _restfpr_20_x
                0x80005698                _restfpr_21_x
                0x8000569c                _restfpr_22_x
                0x800056a0                _restfpr_23_x
                0x800056a4                _restfpr_24_x
                0x800056a8                _restfpr_25_x
                0x800056ac                _restfpr_26_x
                0x800056b0                _restfpr_27_x
                0x800056b4                _restfpr_28_x
                0x800056b8                _restfpr_29_x
                0x800056bc                _restfpr_30_x
                0x800056c0                _restfpr_31_x
 .text          0x800056d4       0x58 C:/devkitPro/devkitPPC/bin/../lib/gcc/powerpc-eabi/14.2.0\libgcc.a(crtresxgpr.o)
                0x800056d4                _restgpr_14_x
                0x800056d8                _restgpr_15_x
                0x800056dc                _restgpr_16_x
                0x800056e0                _restgpr_17_x
                0x800056e4                _restgpr_18_x
                0x800056e8                _restgpr_19_x
                0x800056ec                _restgpr_20_x
                0x800056f0                _restgpr_21_x
                0x800056f4                _restgpr_22_x
                0x800056f8                _restgpr_23_x
                0x800056fc                _restgpr_24_x
                0x80005700                _restgpr_25_x
                0x80005704                _restgpr_26_x
                0x80005708                _restgpr_27_x
                0x8000570c                _restgpr_28_x
                0x80005710                _restgpr_29_x
                0x80005714                _restgpr_30_x
                0x80005718                _restgpr_31_x
 *(.text.*)
 .text.__do_global_dtors_aux
                0x8000572c       0xcc C:/devkitPro/devkitPPC/bin/../lib/gcc/powerpc-eabi/14.2.0/crtbegin.o
 .text.frame_dummy
                0x800057f8       0x24 C:/devkitPro/devkitPPC/bin/../lib/gcc/powerpc-eabi/14.2.0/crtbegin.o
 .text.__crtmain
                0x8000581c       0x40 C:/devkitPro/devkitPPC/bin/../lib/gcc/powerpc-eabi/14.2.0/../../../../powerpc-eabi/lib/crtmain.o
                0x80005820                __crtmain
 .text.CheckController
                0x8000585c      0x1a0 template.o
                0x8000585c                CheckController
 .text.RenderBorders
                0x800059fc       0xfc template.o
 .text.Loose    0x80005af8      0x164 template.o
 .text.startup.main
                0x80005c5c      0x528 template.o
                0x80005c5c                main
 .text.__wpad_assign_slot
                0x80006184      0x228 C:/devkitPro/libogc/lib/wii\libwiiuse.a(wpad.o)
                0x80006184                __wpad_assign_slot
 .text.__wpad_def_powcb
                0x800063ac        0x4 C:/devkitPro/libogc/lib/wii\libwiiuse.a(wpad.o)
 .text.__readlinkkey_finished
                0x800063b0       0x34 C:/devkitPro/libogc/lib/wii\libwiiuse.a(wpad.o)
 .text.__wpad_patch_finished
                0x800063e4       0x2c C:/devkitPro/libogc/lib/wii\libwiiuse.a(wpad.o)
 .text.__wpad_setfmt
                0x80006410      0x14c C:/devkitPro/libogc/lib/wii\libwiiuse.a(wpad.o)
 .text.__wpad_eventCB
                0x8000655c      0xac4 C:/devkitPro/libogc/lib/wii\libwiiuse.a(wpad.o)
 .text.__wpad_disconnectCB
                0x80007020       0xd4 C:/devkitPro/libogc/lib/wii\libwiiuse.a(wpad.o)
                0x80007020                __wpad_disconnectCB
 .text.__wpad_timeouthandler
                0x800070f4       0xa8 C:/devkitPro/libogc/lib/wii\libwiiuse.a(wpad.o)
 .text.__initcore_finished
                0x8000719c       0x48 C:/devkitPro/libogc/lib/wii\libwiiuse.a(wpad.o)
 .text.__wpad_init_finished
                0x800071e4      0x194 C:/devkitPro/libogc/lib/wii\libwiiuse.a(wpad.o)
 .text.WPAD_ReadEvent
                0x80007378      0x688 C:/devkitPro/libogc/lib/wii\libwiiuse.a(wpad.o)
                0x80007378                WPAD_ReadEvent
 .text.WPAD_ReadPending
                0x80007a00      0x1a0 C:/devkitPro/libogc/lib/wii\libwiiuse.a(wpad.o)
                0x80007a00                WPAD_ReadPending
 .text.WPAD_Shutdown
                0x80007ba0      0x108 C:/devkitPro/libogc/lib/wii\libwiiuse.a(wpad.o)
                0x80007ba0                WPAD_Shutdown
 .text.WPAD_Init
                0x80007ca8      0x2c4 C:/devkitPro/libogc/lib/wii\libwiiuse.a(wpad.o)
                0x80007ca8                WPAD_Init
 .text.__wpad_onreset
                0x80007f6c       0x34 C:/devkitPro/libogc/lib/wii\libwiiuse.a(wpad.o)
 .text.WPAD_ScanPads
                0x80007fa0       0x90 C:/devkitPro/libogc/lib/wii\libwiiuse.a(wpad.o)
                0x80007fa0                WPAD_ScanPads
 .text.WPAD_ButtonsDown
                0x80008030       0x28 C:/devkitPro/libogc/lib/wii\libwiiuse.a(wpad.o)
                0x80008030                WPAD_ButtonsDown
 .text.motion_plus_disconnected
                0x80008058       0x10 C:/devkitPro/libogc/lib/wii\libwiiuse.a(motion_plus.o)
                0x80008058                motion_plus_disconnected
 .text.motion_plus_event
                0x80008068       0x64 C:/devkitPro/libogc/lib/wii\libwiiuse.a(motion_plus.o)
                0x80008068                motion_plus_event
 .text.calculate_gforce
                0x800080cc      0x114 C:/devkitPro/libogc/lib/wii\libwiiuse.a(dynamics.o)
                0x800080cc                calculate_gforce
 .text.calc_joystick_state
                0x800081e0      0x210 C:/devkitPro/libogc/lib/wii\libwiiuse.a(dynamics.o)
                0x800081e0                calc_joystick_state
 .text.apply_smoothing
                0x800083f0      0x110 C:/devkitPro/libogc/lib/wii\libwiiuse.a(dynamics.o)
                0x800083f0                apply_smoothing
 .text.calculate_orientation
                0x80008500      0x374 C:/devkitPro/libogc/lib/wii\libwiiuse.a(dynamics.o)
                0x80008500                calculate_orientation
 .text.calc_balanceboard_state
                0x80008874      0x3a4 C:/devkitPro/libogc/lib/wii\libwiiuse.a(dynamics.o)
                0x80008874                calc_balanceboard_state
 .text.wiiuse_handshake
                0x80008c18      0x27c C:/devkitPro/libogc/lib/wii\libwiiuse.a(io.o)
                0x80008c18                wiiuse_handshake
 .text.wiiuse_handshake_expansion
                0x80008e94      0x1f0 C:/devkitPro/libogc/lib/wii\libwiiuse.a(io.o)
                0x80008e94                wiiuse_handshake_expansion
 .text.wiiuse_handshake_expansion_start
                0x80009084       0x5c C:/devkitPro/libogc/lib/wii\libwiiuse.a(io.o)
                0x80009084                wiiuse_handshake_expansion_start
 .text.wiiuse_disable_expansion
                0x800090e0      0x1b0 C:/devkitPro/libogc/lib/wii\libwiiuse.a(io.o)
                0x800090e0                wiiuse_disable_expansion
 .text.__wiiuse_connected
                0x80009290       0x9c C:/devkitPro/libogc/lib/wii\libwiiuse.a(io_wii.o)
 .text.__wiiuse_disconnected
                0x8000932c       0xb4 C:/devkitPro/libogc/lib/wii\libwiiuse.a(io_wii.o)
 .text.__wiiuse_receive
                0x800093e0       0xd0 C:/devkitPro/libogc/lib/wii\libwiiuse.a(io_wii.o)
 .text.__wiiuse_sensorbar_enable
                0x800094b0       0x74 C:/devkitPro/libogc/lib/wii\libwiiuse.a(io_wii.o)
                0x800094b0                __wiiuse_sensorbar_enable
 .text.wiiuse_register
                0x80009524       0xf0 C:/devkitPro/libogc/lib/wii\libwiiuse.a(io_wii.o)
                0x80009524                wiiuse_register
 .text.wiiuse_disconnect
                0x80009614       0x24 C:/devkitPro/libogc/lib/wii\libwiiuse.a(io_wii.o)
                0x80009614                wiiuse_disconnect
 .text.wiiuse_init_cmd_queue
                0x80009638       0x9c C:/devkitPro/libogc/lib/wii\libwiiuse.a(io_wii.o)
                0x80009638                wiiuse_init_cmd_queue
 .text.wiiuse_io_write
                0x800096d4       0x1c C:/devkitPro/libogc/lib/wii\libwiiuse.a(io_wii.o)
                0x800096d4                wiiuse_io_write
 .text.rotate_dots
                0x800096f0      0x13c C:/devkitPro/libogc/lib/wii\libwiiuse.a(ir.o)
 .text.wiiuse_set_ir_mode
                0x8000982c       0x5c C:/devkitPro/libogc/lib/wii\libwiiuse.a(ir.o)
                0x8000982c                wiiuse_set_ir_mode
 .text.wiiuse_set_ir
                0x80009888      0x270 C:/devkitPro/libogc/lib/wii\libwiiuse.a(ir.o)
                0x80009888                wiiuse_set_ir
 .text.wiiuse_set_ir_position
                0x80009af8       0x80 C:/devkitPro/libogc/lib/wii\libwiiuse.a(ir.o)
                0x80009af8                wiiuse_set_ir_position
 .text.wiiuse_set_aspect_ratio
                0x80009b78       0xac C:/devkitPro/libogc/lib/wii\libwiiuse.a(ir.o)
                0x80009b78                wiiuse_set_aspect_ratio
 .text.wiiuse_set_ir_sensitivity
                0x80009c24      0x180 C:/devkitPro/libogc/lib/wii\libwiiuse.a(ir.o)
                0x80009c24                wiiuse_set_ir_sensitivity
 .text.calculate_basic_ir
                0x80009da4       0xe8 C:/devkitPro/libogc/lib/wii\libwiiuse.a(ir.o)
                0x80009da4                calculate_basic_ir
 .text.calculate_extended_ir
                0x80009e8c       0x64 C:/devkitPro/libogc/lib/wii\libwiiuse.a(ir.o)
                0x80009e8c                calculate_extended_ir
 .text.find_sensorbar
                0x80009ef0      0xaa0 C:/devkitPro/libogc/lib/wii\libwiiuse.a(ir.o)
                0x80009ef0                find_sensorbar
 .text.apply_ir_smoothing
                0x8000a990      0x124 C:/devkitPro/libogc/lib/wii\libwiiuse.a(ir.o)
                0x8000a990                apply_ir_smoothing
 .text.interpret_ir_data
                0x8000aab4      0x3c8 C:/devkitPro/libogc/lib/wii\libwiiuse.a(ir.o)
                0x8000aab4                interpret_ir_data
 .text.nunchuk_handshake
                0x8000ae7c      0x31c C:/devkitPro/libogc/lib/wii\libwiiuse.a(nunchuk.o)
                0x8000ae7c                nunchuk_handshake
 .text.nunchuk_disconnected
                0x8000b198        0xc C:/devkitPro/libogc/lib/wii\libwiiuse.a(nunchuk.o)
                0x8000b198                nunchuk_disconnected
 .text.nunchuk_event
                0x8000b1a4       0xe8 C:/devkitPro/libogc/lib/wii\libwiiuse.a(nunchuk.o)
                0x8000b1a4                nunchuk_event
 .text.wii_board_handshake
                0x8000b28c      0x284 C:/devkitPro/libogc/lib/wii\libwiiuse.a(wiiboard.o)
                0x8000b28c                wii_board_handshake
 .text.wii_board_disconnected
                0x8000b510        0xc C:/devkitPro/libogc/lib/wii\libwiiuse.a(wiiboard.o)
                0x8000b510                wii_board_disconnected
 .text.wii_board_event
                0x8000b51c       0x24 C:/devkitPro/libogc/lib/wii\libwiiuse.a(wiiboard.o)
                0x8000b51c                wii_board_event
 .text.wiiuse_send_next_command
                0x8000b540       0x58 C:/devkitPro/libogc/lib/wii\libwiiuse.a(wiiuse.o)
                0x8000b540                wiiuse_send_next_command
 .text.wiiuse_init
                0x8000b598      0x208 C:/devkitPro/libogc/lib/wii\libwiiuse.a(wiiuse.o)
                0x8000b598                wiiuse_init
 .text.wiiuse_set_flags
                0x8000b7a0       0x28 C:/devkitPro/libogc/lib/wii\libwiiuse.a(wiiuse.o)
                0x8000b7a0                wiiuse_set_flags
 .text.wiiuse_read_data
                0x8000b7c8      0x154 C:/devkitPro/libogc/lib/wii\libwiiuse.a(wiiuse.o)
                0x8000b7c8                wiiuse_read_data
 .text.wiiuse_write_data
                0x8000b91c      0x18c C:/devkitPro/libogc/lib/wii\libwiiuse.a(wiiuse.o)
                0x8000b91c                wiiuse_write_data
 .text.wiiuse_sendcmd
                0x8000baa8      0x144 C:/devkitPro/libogc/lib/wii\libwiiuse.a(wiiuse.o)
                0x8000baa8                wiiuse_sendcmd
 .text.wiiuse_set_leds
                0x8000bbec       0x50 C:/devkitPro/libogc/lib/wii\libwiiuse.a(wiiuse.o)
                0x8000bbec                wiiuse_set_leds
 .text.wiiuse_set_report_type
                0x8000bc3c       0xb0 C:/devkitPro/libogc/lib/wii\libwiiuse.a(wiiuse.o)
                0x8000bc3c                wiiuse_set_report_type
 .text.wiiuse_status
                0x8000bcec       0x4c C:/devkitPro/libogc/lib/wii\libwiiuse.a(wiiuse.o)
                0x8000bcec                wiiuse_status
 .text.wiiuse_motion_sensing
                0x8000bd38       0x84 C:/devkitPro/libogc/lib/wii\libwiiuse.a(wiiuse.o)
                0x8000bd38                wiiuse_motion_sensing
 .text.wiiuse_set_speaker
                0x8000bdbc      0x24c C:/devkitPro/libogc/lib/wii\libwiiuse.a(speaker.o)
                0x8000bdbc                wiiuse_set_speaker
 .text.classic_ctrl_handshake
                0x8000c008      0x410 C:/devkitPro/libogc/lib/wii\libwiiuse.a(classic.o)
                0x8000c008                classic_ctrl_handshake
 .text.classic_ctrl_disconnected
                0x8000c418        0xc C:/devkitPro/libogc/lib/wii\libwiiuse.a(classic.o)
                0x8000c418                classic_ctrl_disconnected
 .text.classic_ctrl_event
                0x8000c424      0x15c C:/devkitPro/libogc/lib/wii\libwiiuse.a(classic.o)
                0x8000c424                classic_ctrl_event
 .text.handle_expansion
                0x8000c580       0x54 C:/devkitPro/libogc/lib/wii\libwiiuse.a(events.o)
 .text.parse_event
                0x8000c5d4      0x730 C:/devkitPro/libogc/lib/wii\libwiiuse.a(events.o)
                0x8000c5d4                parse_event
 .text.guitar_hero_3_handshake
                0x8000cd04       0x5c C:/devkitPro/libogc/lib/wii\libwiiuse.a(guitar_hero_3.o)
                0x8000cd04                guitar_hero_3_handshake
 .text.guitar_hero_3_disconnected
                0x8000cd60        0xc C:/devkitPro/libogc/lib/wii\libwiiuse.a(guitar_hero_3.o)
                0x8000cd60                guitar_hero_3_disconnected
 .text.guitar_hero_3_event
                0x8000cd6c       0x60 C:/devkitPro/libogc/lib/wii\libwiiuse.a(guitar_hero_3.o)
                0x8000cd6c                guitar_hero_3_event
 .text.acl_wlp_completed
                0x8000cdcc        0x8 C:/devkitPro/libogc/lib/wii\libbte.a(bte.o)
                0x8000cdcc                acl_wlp_completed
 .text.bt_alarmhandler
                0x8000cdd4       0x58 C:/devkitPro/libogc/lib/wii\libbte.a(bte.o)
 .text.__bte_send_pending_request
                0x8000ce2c      0x108 C:/devkitPro/libogc/lib/wii\libbte.a(bte.o)
 .text.acl_conn_complete
                0x8000cf34       0x2c C:/devkitPro/libogc/lib/wii\libbte.a(bte.o)
                0x8000cf34                acl_conn_complete
 .text.l2cap_accepted
                0x8000cf60      0x11c C:/devkitPro/libogc/lib/wii\libbte.a(bte.o)
                0x8000cf60                l2cap_accepted
 .text.l2cap_disconnect_cfm
                0x8000d07c      0x190 C:/devkitPro/libogc/lib/wii\libbte.a(bte.o)
                0x8000d07c                l2cap_disconnect_cfm
 .text.bte_process_input
                0x8000d20c      0x11c C:/devkitPro/libogc/lib/wii\libbte.a(bte.o)
 .text.l2cap_disconnected_ind
                0x8000d328      0x194 C:/devkitPro/libogc/lib/wii\libbte.a(bte.o)
                0x8000d328                l2cap_disconnected_ind
 .text.__bte_shutdown_finished
                0x8000d4bc       0xdc C:/devkitPro/libogc/lib/wii\libbte.a(bte.o)
 .text.bte_hci_apply_patch_complete
                0x8000d598      0x164 C:/devkitPro/libogc/lib/wii\libbte.a(bte.o)
                0x8000d598                bte_hci_apply_patch_complete
 .text.bte_hci_patch_complete
                0x8000d6fc      0x370 C:/devkitPro/libogc/lib/wii\libbte.a(bte.o)
                0x8000d6fc                bte_hci_patch_complete
 .text.bte_hci_initcore_complete
                0x8000da6c      0x258 C:/devkitPro/libogc/lib/wii\libbte.a(bte.o)
                0x8000da6c                bte_hci_initcore_complete
 .text.bte_read_stored_link_key_complete
                0x8000dcc4      0x268 C:/devkitPro/libogc/lib/wii\libbte.a(bte.o)
                0x8000dcc4                bte_read_stored_link_key_complete
 .text.bte_hci_initcore_complete2
                0x8000df2c      0x228 C:/devkitPro/libogc/lib/wii\libbte.a(bte.o)
 .text.bte_hci_initsub_complete
                0x8000e154      0x278 C:/devkitPro/libogc/lib/wii\libbte.a(bte.o)
                0x8000e154                bte_hci_initsub_complete
 .text.BTE_Init
                0x8000e3cc      0x138 C:/devkitPro/libogc/lib/wii\libbte.a(bte.o)
                0x8000e3cc                BTE_Init
 .text.BTE_Shutdown
                0x8000e504      0x100 C:/devkitPro/libogc/lib/wii\libbte.a(bte.o)
                0x8000e504                BTE_Shutdown
 .text.BTE_InitCore
                0x8000e604       0x8c C:/devkitPro/libogc/lib/wii\libbte.a(bte.o)
                0x8000e604                BTE_InitCore
 .text.BTE_ApplyPatch
                0x8000e690       0xa4 C:/devkitPro/libogc/lib/wii\libbte.a(bte.o)
                0x8000e690                BTE_ApplyPatch
 .text.BTE_InitSub
                0x8000e734       0x90 C:/devkitPro/libogc/lib/wii\libbte.a(bte.o)
                0x8000e734                BTE_InitSub
 .text.BTE_ReadStoredLinkKey
                0x8000e7c4       0x90 C:/devkitPro/libogc/lib/wii\libbte.a(bte.o)
                0x8000e7c4                BTE_ReadStoredLinkKey
 .text.BTE_SetDisconnectCallback
                0x8000e854        0x4 C:/devkitPro/libogc/lib/wii\libbte.a(bte.o)
                0x8000e854                BTE_SetDisconnectCallback
 .text.bte_new  0x8000e858       0x54 C:/devkitPro/libogc/lib/wii\libbte.a(bte.o)
                0x8000e858                bte_new
 .text.bte_registerdeviceasync
                0x8000e8ac      0x158 C:/devkitPro/libogc/lib/wii\libbte.a(bte.o)
                0x8000e8ac                bte_registerdeviceasync
 .text.bte_disconnect
                0x8000ea04       0xd8 C:/devkitPro/libogc/lib/wii\libbte.a(bte.o)
                0x8000ea04                bte_disconnect
 .text.bte_senddata
                0x8000eadc      0x104 C:/devkitPro/libogc/lib/wii\libbte.a(bte.o)
                0x8000eadc                bte_senddata
 .text.bte_arg  0x8000ebe0       0x38 C:/devkitPro/libogc/lib/wii\libbte.a(bte.o)
                0x8000ebe0                bte_arg
 .text.bte_received
                0x8000ec18       0x38 C:/devkitPro/libogc/lib/wii\libbte.a(bte.o)
                0x8000ec18                bte_received
 .text.bte_disconnected
                0x8000ec50       0x38 C:/devkitPro/libogc/lib/wii\libbte.a(bte.o)
                0x8000ec50                bte_disconnected
 .text.hci_get_link
                0x8000ec88       0x84 C:/devkitPro/libogc/lib/wii\libbte.a(hci.o)
 .text.hci_init
                0x8000ed0c       0x7c C:/devkitPro/libogc/lib/wii\libbte.a(hci.o)
                0x8000ed0c                hci_init
 .text.hci_close
                0x8000ed88       0xd0 C:/devkitPro/libogc/lib/wii\libbte.a(hci.o)
                0x8000ed88                hci_close
 .text.hci_reset_all
                0x8000ee58       0xa8 C:/devkitPro/libogc/lib/wii\libbte.a(hci.o)
                0x8000ee58                hci_reset_all
 .text.hci_arg  0x8000ef00        0xc C:/devkitPro/libogc/lib/wii\libbte.a(hci.o)
                0x8000ef00                hci_arg
 .text.hci_cmd_complete
                0x8000ef0c        0xc C:/devkitPro/libogc/lib/wii\libbte.a(hci.o)
                0x8000ef0c                hci_cmd_complete
 .text.hci_connection_complete
                0x8000ef18        0xc C:/devkitPro/libogc/lib/wii\libbte.a(hci.o)
                0x8000ef18                hci_connection_complete
 .text.hci_wlp_complete
                0x8000ef24        0xc C:/devkitPro/libogc/lib/wii\libbte.a(hci.o)
                0x8000ef24                hci_wlp_complete
 .text.hci_reset
                0x8000ef30       0xa8 C:/devkitPro/libogc/lib/wii\libbte.a(hci.o)
                0x8000ef30                hci_reset
 .text.hci_read_buffer_size
                0x8000efd8       0xa8 C:/devkitPro/libogc/lib/wii\libbte.a(hci.o)
                0x8000efd8                hci_read_buffer_size
 .text.hci_read_bd_addr
                0x8000f080       0xa8 C:/devkitPro/libogc/lib/wii\libbte.a(hci.o)
                0x8000f080                hci_read_bd_addr
 .text.hci_read_local_version
                0x8000f128       0xa4 C:/devkitPro/libogc/lib/wii\libbte.a(hci.o)
                0x8000f128                hci_read_local_version
 .text.hci_read_local_features
                0x8000f1cc       0xa8 C:/devkitPro/libogc/lib/wii\libbte.a(hci.o)
                0x8000f1cc                hci_read_local_features
 .text.hci_read_stored_link_key
                0x8000f274       0xf8 C:/devkitPro/libogc/lib/wii\libbte.a(hci.o)
                0x8000f274                hci_read_stored_link_key
 .text.hci_write_page_timeout
                0x8000f36c       0xcc C:/devkitPro/libogc/lib/wii\libbte.a(hci.o)
                0x8000f36c                hci_write_page_timeout
 .text.hci_write_scan_enable
                0x8000f438       0xb8 C:/devkitPro/libogc/lib/wii\libbte.a(hci.o)
                0x8000f438                hci_write_scan_enable
 .text.hci_accecpt_conn_request
                0x8000f4f0       0xdc C:/devkitPro/libogc/lib/wii\libbte.a(hci.o)
                0x8000f4f0                hci_accecpt_conn_request
 .text.hci_write_local_name
                0x8000f5cc       0xd4 C:/devkitPro/libogc/lib/wii\libbte.a(hci.o)
                0x8000f5cc                hci_write_local_name
 .text.hci_write_pin_type
                0x8000f6a0       0xb8 C:/devkitPro/libogc/lib/wii\libbte.a(hci.o)
                0x8000f6a0                hci_write_pin_type
 .text.hci_write_inquiry_mode
                0x8000f758       0xb8 C:/devkitPro/libogc/lib/wii\libbte.a(hci.o)
                0x8000f758                hci_write_inquiry_mode
 .text.hci_write_page_scan_type
                0x8000f810       0xb8 C:/devkitPro/libogc/lib/wii\libbte.a(hci.o)
                0x8000f810                hci_write_page_scan_type
 .text.hci_write_inquiry_scan_type
                0x8000f8c8       0xb8 C:/devkitPro/libogc/lib/wii\libbte.a(hci.o)
                0x8000f8c8                hci_write_inquiry_scan_type
 .text.hci_vendor_specific_command
                0x8000f980       0xe4 C:/devkitPro/libogc/lib/wii\libbte.a(hci.o)
                0x8000f980                hci_vendor_specific_command
 .text.hci_write_link_policy_settings
                0x8000fa64      0x100 C:/devkitPro/libogc/lib/wii\libbte.a(hci.o)
                0x8000fa64                hci_write_link_policy_settings
 .text.hci_pin_code_request_neg_reply
                0x8000fb64       0xc8 C:/devkitPro/libogc/lib/wii\libbte.a(hci.o)
                0x8000fb64                hci_pin_code_request_neg_reply
 .text.hci_link_key_req_neg_reply
                0x8000fc2c       0xc8 C:/devkitPro/libogc/lib/wii\libbte.a(hci.o)
                0x8000fc2c                hci_link_key_req_neg_reply
 .text.hci_disconnect
                0x8000fcf4       0xf8 C:/devkitPro/libogc/lib/wii\libbte.a(hci.o)
                0x8000fcf4                hci_disconnect
 .text.hci_write_cod
                0x8000fdec       0xc8 C:/devkitPro/libogc/lib/wii\libbte.a(hci.o)
                0x8000fdec                hci_write_cod
 .text.hci_host_buffer_size
                0x8000feb4      0x108 C:/devkitPro/libogc/lib/wii\libbte.a(hci.o)
                0x8000feb4                hci_host_buffer_size
 .text.hci_host_num_comp_packets
                0x8000ffbc      0x104 C:/devkitPro/libogc/lib/wii\libbte.a(hci.o)
                0x8000ffbc                hci_host_num_comp_packets
 .text.lp_pdu_maxsize
                0x800100c0        0xc C:/devkitPro/libogc/lib/wii\libbte.a(hci.o)
                0x800100c0                lp_pdu_maxsize
 .text.lp_acl_write
                0x800100cc      0x154 C:/devkitPro/libogc/lib/wii\libbte.a(hci.o)
                0x800100cc                lp_acl_write
 .text.lp_write_flush_timeout
                0x80010220      0x100 C:/devkitPro/libogc/lib/wii\libbte.a(hci.o)
                0x80010220                lp_write_flush_timeout
 .text.hci_event_handler
                0x80010320      0xc78 C:/devkitPro/libogc/lib/wii\libbte.a(hci.o)
                0x80010320                hci_event_handler
 .text.hci_acldata_handler
                0x80010f98      0x118 C:/devkitPro/libogc/lib/wii\libbte.a(hci.o)
                0x80010f98                hci_acldata_handler
 .text.l2cap_init
                0x800110b0       0x60 C:/devkitPro/libogc/lib/wii\libbte.a(l2cap.o)
                0x800110b0                l2cap_init
 .text.l2cap_write
                0x80011110      0x1a0 C:/devkitPro/libogc/lib/wii\libbte.a(l2cap.o)
                0x80011110                l2cap_write
 .text.l2cap_new
                0x800112b0       0x60 C:/devkitPro/libogc/lib/wii\libbte.a(l2cap.o)
                0x800112b0                l2cap_new
 .text.l2cap_close
                0x80011310      0x1c0 C:/devkitPro/libogc/lib/wii\libbte.a(l2cap.o)
                0x80011310                l2cap_close
 .text.l2cap_reset_all
                0x800114d0      0x148 C:/devkitPro/libogc/lib/wii\libbte.a(l2cap.o)
                0x800114d0                l2cap_reset_all
 .text.l2cap_signal
                0x80011618      0x204 C:/devkitPro/libogc/lib/wii\libbte.a(l2cap.o)
                0x80011618                l2cap_signal
 .text.l2ca_config_req
                0x8001181c      0x154 C:/devkitPro/libogc/lib/wii\libbte.a(l2cap.o)
                0x8001181c                l2ca_config_req
 .text.l2ca_disconnect_req
                0x80011970       0xcc C:/devkitPro/libogc/lib/wii\libbte.a(l2cap.o)
                0x80011970                l2ca_disconnect_req
 .text.l2cap_tmr
                0x80011a3c      0x260 C:/devkitPro/libogc/lib/wii\libbte.a(l2cap.o)
                0x80011a3c                l2cap_tmr
 .text.l2cap_process_sig
                0x80011c9c     0x1318 C:/devkitPro/libogc/lib/wii\libbte.a(l2cap.o)
                0x80011c9c                l2cap_process_sig
 .text.l2cap_input
                0x80012fb4      0x584 C:/devkitPro/libogc/lib/wii\libbte.a(l2cap.o)
                0x80012fb4                l2cap_input
 .text.l2ca_datawrite
                0x80013538      0x128 C:/devkitPro/libogc/lib/wii\libbte.a(l2cap.o)
                0x80013538                l2ca_datawrite
 .text.lp_connect_cfm
                0x80013660      0x184 C:/devkitPro/libogc/lib/wii\libbte.a(l2cap.o)
                0x80013660                lp_connect_cfm
 .text.lp_connect_ind
                0x800137e4        0x4 C:/devkitPro/libogc/lib/wii\libbte.a(l2cap.o)
                0x800137e4                lp_connect_ind
 .text.lp_disconnect_ind
                0x800137e8      0x124 C:/devkitPro/libogc/lib/wii\libbte.a(l2cap.o)
                0x800137e8                lp_disconnect_ind
 .text.l2cap_disconnect_bb
                0x8001390c       0x10 C:/devkitPro/libogc/lib/wii\libbte.a(l2cap.o)
                0x8001390c                l2cap_disconnect_bb
 .text.l2cap_arg
                0x8001391c        0x8 C:/devkitPro/libogc/lib/wii\libbte.a(l2cap.o)
                0x8001391c                l2cap_arg
 .text.l2cap_connect_ind
                0x80013924      0x100 C:/devkitPro/libogc/lib/wii\libbte.a(l2cap.o)
                0x80013924                l2cap_connect_ind
 .text.l2cap_disconnect_ind
                0x80013a24        0x8 C:/devkitPro/libogc/lib/wii\libbte.a(l2cap.o)
                0x80013a24                l2cap_disconnect_ind
 .text.l2cap_recv
                0x80013a2c        0x8 C:/devkitPro/libogc/lib/wii\libbte.a(l2cap.o)
                0x80013a2c                l2cap_recv
 .text.btmemb_init
                0x80013a34       0x24 C:/devkitPro/libogc/lib/wii\libbte.a(btmemb.o)
                0x80013a34                btmemb_init
 .text.btmemb_alloc
                0x80013a58       0x98 C:/devkitPro/libogc/lib/wii\libbte.a(btmemb.o)
                0x80013a58                btmemb_alloc
 .text.btmemb_free
                0x80013af0       0xe0 C:/devkitPro/libogc/lib/wii\libbte.a(btmemb.o)
                0x80013af0                btmemb_free
 .text.plug_holes
                0x80013bd0       0xac C:/devkitPro/libogc/lib/wii\libbte.a(btmemr.o)
 .text.btmemr_init
                0x80013c7c       0xa4 C:/devkitPro/libogc/lib/wii\libbte.a(btmemr.o)
                0x80013c7c                btmemr_init
 .text.btmemr_malloc
                0x80013d20      0x180 C:/devkitPro/libogc/lib/wii\libbte.a(btmemr.o)
                0x80013d20                btmemr_malloc
 .text.btmemr_free
                0x80013ea0       0x98 C:/devkitPro/libogc/lib/wii\libbte.a(btmemr.o)
                0x80013ea0                btmemr_free
 .text.btmemr_realloc
                0x80013f38      0x108 C:/devkitPro/libogc/lib/wii\libbte.a(btmemr.o)
                0x80013f38                btmemr_realloc
 .text.btpbuf_init
                0x80014040       0x28 C:/devkitPro/libogc/lib/wii\libbte.a(btpbuf.o)
                0x80014040                btpbuf_init
 .text.btpbuf_free
                0x80014068      0x104 C:/devkitPro/libogc/lib/wii\libbte.a(btpbuf.o)
                0x80014068                btpbuf_free
 .text.btpbuf_alloc
                0x8001416c      0x224 C:/devkitPro/libogc/lib/wii\libbte.a(btpbuf.o)
                0x8001416c                btpbuf_alloc
 .text.btpbuf_realloc
                0x80014390      0x110 C:/devkitPro/libogc/lib/wii\libbte.a(btpbuf.o)
                0x80014390                btpbuf_realloc
 .text.btpbuf_header
                0x800144a0       0x84 C:/devkitPro/libogc/lib/wii\libbte.a(btpbuf.o)
                0x800144a0                btpbuf_header
 .text.btpbuf_ref
                0x80014524       0x48 C:/devkitPro/libogc/lib/wii\libbte.a(btpbuf.o)
                0x80014524                btpbuf_ref
 .text.btpbuf_chain
                0x8001456c       0x9c C:/devkitPro/libogc/lib/wii\libbte.a(btpbuf.o)
                0x8001456c                btpbuf_chain
 .text.btpbuf_dechain
                0x80014608       0x7c C:/devkitPro/libogc/lib/wii\libbte.a(btpbuf.o)
                0x80014608                btpbuf_dechain
 .text.btpbuf_take
                0x80014684      0x13c C:/devkitPro/libogc/lib/wii\libbte.a(btpbuf.o)
                0x80014684                btpbuf_take
 .text.__usb_closeCB
                0x800147c0       0x10 C:/devkitPro/libogc/lib/wii\libbte.a(physbusif.o)
 .text.__writebulkmsgCB
                0x800147d0       0x3c C:/devkitPro/libogc/lib/wii\libbte.a(physbusif.o)
 .text.__writectrlmsgCB
                0x8001480c       0x3c C:/devkitPro/libogc/lib/wii\libbte.a(physbusif.o)
 .text.__issue_intrread.part.0
                0x80014848       0x80 C:/devkitPro/libogc/lib/wii\libbte.a(physbusif.o)
 .text.__readintrdataCB
                0x800148c8      0x148 C:/devkitPro/libogc/lib/wii\libbte.a(physbusif.o)
 .text.__issue_bulkread.part.0
                0x80014a10       0x80 C:/devkitPro/libogc/lib/wii\libbte.a(physbusif.o)
 .text.__readbulkdataCB
                0x80014a90      0x148 C:/devkitPro/libogc/lib/wii\libbte.a(physbusif.o)
 .text.physbusif_init
                0x80014bd8      0x1ec C:/devkitPro/libogc/lib/wii\libbte.a(physbusif.o)
                0x80014bd8                physbusif_init
 .text.physbusif_close
                0x80014dc4       0x20 C:/devkitPro/libogc/lib/wii\libbte.a(physbusif.o)
                0x80014dc4                physbusif_close
 .text.physbusif_shutdown
                0x80014de4       0x24 C:/devkitPro/libogc/lib/wii\libbte.a(physbusif.o)
                0x80014de4                physbusif_shutdown
 .text.physbusif_reset_all
                0x80014e08        0x4 C:/devkitPro/libogc/lib/wii\libbte.a(physbusif.o)
                0x80014e08                physbusif_reset_all
 .text.physbusif_output
                0x80014e0c      0x1e8 C:/devkitPro/libogc/lib/wii\libbte.a(physbusif.o)
                0x80014e0c                physbusif_output
 .text.__console_clear_line
                0x80014ff4       0xb8 C:/devkitPro/libogc/lib/wii\libogc.a(console.o)
 .text.__console_clear
                0x800150ac       0xbc C:/devkitPro/libogc/lib/wii\libogc.a(console.o)
 .text.__console_write
                0x80015168      0x830 C:/devkitPro/libogc/lib/wii\libogc.a(console.o)
                0x80015168                __console_write
 .text.__console_init
                0x80015998      0x120 C:/devkitPro/libogc/lib/wii\libogc.a(console.o)
                0x80015998                __console_init
 .text.CON_Init
                0x80015ab8        0x4 C:/devkitPro/libogc/lib/wii\libogc.a(console.o)
                0x80015ab8                CON_Init
 .text.CON_EnableGecko
                0x80015abc      0x100 C:/devkitPro/libogc/lib/wii\libogc.a(console.o)
                0x80015abc                CON_EnableGecko
 .text.__lwp_queue_initialize
                0x80015bbc       0x98 C:/devkitPro/libogc/lib/wii\libogc.a(lwp_queue.o)
                0x80015bbc                __lwp_queue_initialize
 .text.__lwp_queue_get
                0x80015c54       0x74 C:/devkitPro/libogc/lib/wii\libogc.a(lwp_queue.o)
                0x80015c54                __lwp_queue_get
 .text.__lwp_queue_append
                0x80015cc8       0x4c C:/devkitPro/libogc/lib/wii\libogc.a(lwp_queue.o)
                0x80015cc8                __lwp_queue_append
 .text.__syscall_getreent
                0x80015d14       0x24 C:/devkitPro/libogc/lib/wii\libogc.a(lwp_threads.o)
                0x80015d14                __syscall_getreent
 .text.__lwp_isr_in_progress
                0x80015d38        0x8 C:/devkitPro/libogc/lib/wii\libogc.a(lwp_threads.o)
                0x80015d38                __lwp_isr_in_progress
 .text.__thread_dispatch_fp
                0x80015d40       0x88 C:/devkitPro/libogc/lib/wii\libogc.a(lwp_threads.o)
                0x80015d40                __thread_dispatch_fp
 .text.__thread_dispatch
                0x80015dc8       0xf4 C:/devkitPro/libogc/lib/wii\libogc.a(lwp_threads.o)
                0x80015dc8                __thread_dispatch
 .text.__lwp_thread_resettimeslice
                0x80015ebc       0xb4 C:/devkitPro/libogc/lib/wii\libogc.a(lwp_threads.o)
                0x80015ebc                __lwp_thread_resettimeslice
 .text.__lwp_thread_tickle_timeslice
                0x80015f70       0xc8 C:/devkitPro/libogc/lib/wii\libogc.a(lwp_threads.o)
                0x80015f70                __lwp_thread_tickle_timeslice
 .text.__lwp_thread_setstate
                0x80016038      0x16c C:/devkitPro/libogc/lib/wii\libogc.a(lwp_threads.o)
                0x80016038                __lwp_thread_setstate
 .text.__lwp_thread_clearstate
                0x800161a4       0xe4 C:/devkitPro/libogc/lib/wii\libogc.a(lwp_threads.o)
                0x800161a4                __lwp_thread_clearstate
 .text.__lwp_thread_delayended
                0x80016288       0x48 C:/devkitPro/libogc/lib/wii\libogc.a(lwp_threads.o)
                0x80016288                __lwp_thread_delayended
 .text.__lwp_thread_settransient
                0x800162d0       0xb4 C:/devkitPro/libogc/lib/wii\libogc.a(lwp_threads.o)
                0x800162d0                __lwp_thread_settransient
 .text.__lwp_thread_changepriority
                0x80016384      0x1f8 C:/devkitPro/libogc/lib/wii\libogc.a(lwp_threads.o)
                0x80016384                __lwp_thread_changepriority
 .text.__lwp_thread_ready
                0x8001657c       0xf0 C:/devkitPro/libogc/lib/wii\libogc.a(lwp_threads.o)
                0x8001657c                __lwp_thread_ready
 .text.__lwp_thread_init
                0x8001666c      0x160 C:/devkitPro/libogc/lib/wii\libogc.a(lwp_threads.o)
                0x8001666c                __lwp_thread_init
 .text.__lwp_thread_close
                0x800167cc      0x144 C:/devkitPro/libogc/lib/wii\libogc.a(lwp_threads.o)
                0x800167cc                __lwp_thread_close
 .text.__lwp_thread_handler
                0x80016910       0xc0 C:/devkitPro/libogc/lib/wii\libogc.a(lwp_threads.o)
 .text.__lwp_thread_closeall
                0x800169d0       0xb0 C:/devkitPro/libogc/lib/wii\libogc.a(lwp_threads.o)
                0x800169d0                __lwp_thread_closeall
 .text.__lwp_thread_start
                0x80016a80      0x150 C:/devkitPro/libogc/lib/wii\libogc.a(lwp_threads.o)
                0x80016a80                __lwp_thread_start
 .text.__lwp_thread_startmultitasking
                0x80016bd0       0xac C:/devkitPro/libogc/lib/wii\libogc.a(lwp_threads.o)
                0x80016bd0                __lwp_thread_startmultitasking
 .text.__lwp_thread_stopmultitasking
                0x80016c7c       0x58 C:/devkitPro/libogc/lib/wii\libogc.a(lwp_threads.o)
                0x80016c7c                __lwp_thread_stopmultitasking
 .text.__lwp_thread_coreinit
                0x80016cd4       0xc4 C:/devkitPro/libogc/lib/wii\libogc.a(lwp_threads.o)
                0x80016cd4                __lwp_thread_coreinit
 .text.idle_func
                0x80016d98        0x4 C:/devkitPro/libogc/lib/wii\libogc.a(lwp.o)
 .text.__lwp_sysinit
                0x80016d9c      0x114 C:/devkitPro/libogc/lib/wii\libogc.a(lwp.o)
                0x80016d9c                __lwp_sysinit
 .text.LWP_InitQueue
                0x80016eb0      0x148 C:/devkitPro/libogc/lib/wii\libogc.a(lwp.o)
                0x80016eb0                LWP_InitQueue
 .text.LWP_CloseQueue
                0x80016ff8       0xd4 C:/devkitPro/libogc/lib/wii\libogc.a(lwp.o)
                0x80016ff8                LWP_CloseQueue
 .text.LWP_ThreadSleep
                0x800170cc       0xf8 C:/devkitPro/libogc/lib/wii\libogc.a(lwp.o)
                0x800170cc                LWP_ThreadSleep
 .text.LWP_ThreadBroadcast
                0x800171c4       0x88 C:/devkitPro/libogc/lib/wii\libogc.a(lwp.o)
                0x800171c4                LWP_ThreadBroadcast
 .text.LWP_ThreadSignal
                0x8001724c       0x74 C:/devkitPro/libogc/lib/wii\libogc.a(lwp.o)
                0x8001724c                LWP_ThreadSignal
 .text.__lwp_stack_allocate
                0x800172c0       0x60 C:/devkitPro/libogc/lib/wii\libogc.a(lwp_stack.o)
                0x800172c0                __lwp_stack_allocate
 .text.__lwp_stack_free
                0x80017320       0x1c C:/devkitPro/libogc/lib/wii\libogc.a(lwp_stack.o)
                0x80017320                __lwp_stack_free
 .text.__lwp_wd_settimer
                0x8001733c       0xdc C:/devkitPro/libogc/lib/wii\libogc.a(lwp_watchdog.o)
 .text.__lwp_watchdog_init
                0x80017418       0x2c C:/devkitPro/libogc/lib/wii\libogc.a(lwp_watchdog.o)
                0x80017418                __lwp_watchdog_init
 .text.__lwp_wd_insert
                0x80017444      0x19c C:/devkitPro/libogc/lib/wii\libogc.a(lwp_watchdog.o)
                0x80017444                __lwp_wd_insert
 .text.__lwp_wd_remove
                0x800175e0      0x138 C:/devkitPro/libogc/lib/wii\libogc.a(lwp_watchdog.o)
                0x800175e0                __lwp_wd_remove
 .text.__lwp_wd_tickle
                0x80017718      0x120 C:/devkitPro/libogc/lib/wii\libogc.a(lwp_watchdog.o)
                0x80017718                __lwp_wd_tickle
 .text.__lwp_wkspace_init
                0x80017838       0xc0 C:/devkitPro/libogc/lib/wii\libogc.a(lwp_wkspace.o)
                0x80017838                __lwp_wkspace_init
 .text.__lwp_objmgr_initinfo
                0x800178f8      0x1a0 C:/devkitPro/libogc/lib/wii\libogc.a(lwp_objmgr.o)
                0x800178f8                __lwp_objmgr_initinfo
 .text.__lwp_objmgr_getisrdisable
                0x80017a98       0x60 C:/devkitPro/libogc/lib/wii\libogc.a(lwp_objmgr.o)
                0x80017a98                __lwp_objmgr_getisrdisable
 .text.__lwp_objmgr_getnoprotection
                0x80017af8       0x24 C:/devkitPro/libogc/lib/wii\libogc.a(lwp_objmgr.o)
                0x80017af8                __lwp_objmgr_getnoprotection
 .text.__lwp_objmgr_get
                0x80017b1c       0x6c C:/devkitPro/libogc/lib/wii\libogc.a(lwp_objmgr.o)
                0x80017b1c                __lwp_objmgr_get
 .text.__lwp_objmgr_allocate
                0x80017b88       0x88 C:/devkitPro/libogc/lib/wii\libogc.a(lwp_objmgr.o)
                0x80017b88                __lwp_objmgr_allocate
 .text.__lwp_objmgr_free
                0x80017c10       0x60 C:/devkitPro/libogc/lib/wii\libogc.a(lwp_objmgr.o)
                0x80017c10                __lwp_objmgr_free
 .text.__lwp_heap_init
                0x80017c70       0xa4 C:/devkitPro/libogc/lib/wii\libogc.a(lwp_heap.o)
                0x80017c70                __lwp_heap_init
 .text.__lwp_heap_allocate
                0x80017d14      0x160 C:/devkitPro/libogc/lib/wii\libogc.a(lwp_heap.o)
                0x80017d14                __lwp_heap_allocate
 .text.__lwp_heap_free
                0x80017e74      0x188 C:/devkitPro/libogc/lib/wii\libogc.a(lwp_heap.o)
                0x80017e74                __lwp_heap_free
 .text.__SetInterrupts
                0x80017ffc      0x268 C:/devkitPro/libogc/lib/wii\libogc.a(irq.o)
 .text.c_irqdispatcher
                0x80018264      0x268 C:/devkitPro/libogc/lib/wii\libogc.a(irq.o)
                0x80018264                c_irqdispatcher
 .text.__UnmaskIrq
                0x800184cc       0x84 C:/devkitPro/libogc/lib/wii\libogc.a(irq.o)
                0x800184cc                __UnmaskIrq
 .text.__MaskIrq
                0x80018550       0x84 C:/devkitPro/libogc/lib/wii\libogc.a(irq.o)
                0x80018550                __MaskIrq
 .text.__irq_init
                0x800185d4       0x84 C:/devkitPro/libogc/lib/wii\libogc.a(irq.o)
                0x800185d4                __irq_init
 .text.IRQ_Request
                0x80018658       0x50 C:/devkitPro/libogc/lib/wii\libogc.a(irq.o)
                0x80018658                IRQ_Request
 .text.IRQ_GetHandler
                0x800186a8       0x44 C:/devkitPro/libogc/lib/wii\libogc.a(irq.o)
                0x800186a8                IRQ_GetHandler
 .text.IRQ_Disable
                0x800186ec       0x1c C:/devkitPro/libogc/lib/wii\libogc.a(irq.o)
                0x800186ec                IRQ_Disable
 .text.IRQ_Restore
                0x80018708       0x1c C:/devkitPro/libogc/lib/wii\libogc.a(irq.o)
                0x80018708                IRQ_Restore
 .text.__VISendI2CData.constprop.0.isra.0
                0x80018724      0x428 C:/devkitPro/libogc/lib/wii\libogc.a(video.o)
 .text.__setFbbRegs.constprop.0
                0x80018b4c      0x190 C:/devkitPro/libogc/lib/wii\libogc.a(video.o)
 .text.__VISetYUVSEL
                0x80018cdc       0xb8 C:/devkitPro/libogc/lib/wii\libogc.a(video.o)
 .text.VIDEO_Configure
                0x80018d94      0x600 C:/devkitPro/libogc/lib/wii\libogc.a(video.o)
                0x80018d94                VIDEO_Configure
 .text.VIDEO_WaitVSync
                0x80019394       0x74 C:/devkitPro/libogc/lib/wii\libogc.a(video.o)
                0x80019394                VIDEO_WaitVSync
 .text.VIDEO_SetFramebuffer
                0x80019408       0xd0 C:/devkitPro/libogc/lib/wii\libogc.a(video.o)
                0x80019408                VIDEO_SetFramebuffer
 .text.VIDEO_SetNextFramebuffer
                0x800194d8       0x70 C:/devkitPro/libogc/lib/wii\libogc.a(video.o)
                0x800194d8                VIDEO_SetNextFramebuffer
 .text.VIDEO_Flush
                0x80019548       0xf4 C:/devkitPro/libogc/lib/wii\libogc.a(video.o)
                0x80019548                VIDEO_Flush
 .text.VIDEO_SetBlack
                0x8001963c      0x15c C:/devkitPro/libogc/lib/wii\libogc.a(video.o)
                0x8001963c                VIDEO_SetBlack
 .text.VIDEO_GetCurrentTvMode
                0x80019798       0x78 C:/devkitPro/libogc/lib/wii\libogc.a(video.o)
                0x80019798                VIDEO_GetCurrentTvMode
 .text.__VIRetraceHandler
                0x80019810      0x284 C:/devkitPro/libogc/lib/wii\libogc.a(video.o)
 .text.__VISetupEncoder
                0x80019a94      0x288 C:/devkitPro/libogc/lib/wii\libogc.a(video.o)
 .text.VIDEO_Init
                0x80019d1c      0x3cc C:/devkitPro/libogc/lib/wii\libogc.a(video.o)
                0x80019d1c                VIDEO_Init
 .text.VIDEO_GetPreferredMode
                0x8001a0e8      0x108 C:/devkitPro/libogc/lib/wii\libogc.a(video.o)
                0x8001a0e8                VIDEO_GetPreferredMode
 .text.VIDEO_GetCurrentLine
                0x8001a1f0       0xa0 C:/devkitPro/libogc/lib/wii\libogc.a(video.o)
                0x8001a1f0                VIDEO_GetCurrentLine
 .text.VIDEO_GetFrameBufferSize
                0x8001a290       0x34 C:/devkitPro/libogc/lib/wii\libogc.a(video.o)
                0x8001a290                VIDEO_GetFrameBufferSize
 .text.__call_resetfuncs
                0x8001a2c4       0xbc C:/devkitPro/libogc/lib/wii\libogc.a(system.o)
 .text.__MEMInterruptHandler
                0x8001a380       0x14 C:/devkitPro/libogc/lib/wii\libogc.a(system.o)
 .text.__RSWDefaultHandler
                0x8001a394        0x4 C:/devkitPro/libogc/lib/wii\libogc.a(system.o)
 .text.__POWDefaultHandler
                0x8001a398        0x4 C:/devkitPro/libogc/lib/wii\libogc.a(system.o)
 .text.__STMEventHandler
                0x8001a39c      0x104 C:/devkitPro/libogc/lib/wii\libogc.a(system.o)
 .text.__getrtc
                0x8001a4a0      0x13c C:/devkitPro/libogc/lib/wii\libogc.a(system.o)
 .text.__sram_write
                0x8001a5dc      0x130 C:/devkitPro/libogc/lib/wii\libogc.a(system.o)
 .text.__sram_writecallback
                0x8001a70c       0x54 C:/devkitPro/libogc/lib/wii\libogc.a(system.o)
 .text.__mem_onreset
                0x8001a760       0x48 C:/devkitPro/libogc/lib/wii\libogc.a(system.o)
 .text.__unlocksram
                0x8001a7a8      0x174 C:/devkitPro/libogc/lib/wii\libogc.a(system.o)
 .text.__sys_alarmhandler
                0x8001a91c      0x154 C:/devkitPro/libogc/lib/wii\libogc.a(system.o)
 .text.__syscall_malloc_lock
                0x8001aa70        0x4 C:/devkitPro/libogc/lib/wii\libogc.a(system.o)
                0x8001aa70                __syscall_malloc_lock
 .text.__syscall_malloc_unlock
                0x8001aa74        0x4 C:/devkitPro/libogc/lib/wii\libogc.a(system.o)
                0x8001aa74                __syscall_malloc_unlock
 .text.__syscall_gettod_r
                0x8001aa78        0x4 C:/devkitPro/libogc/lib/wii\libogc.a(system.o)
                0x8001aa78                __syscall_gettod_r
 .text.__syscall_nanosleep
                0x8001aa7c        0x4 C:/devkitPro/libogc/lib/wii\libogc.a(system.o)
                0x8001aa7c                __syscall_nanosleep
 .text.__SYS_GetRTC
                0x8001aa80       0x98 C:/devkitPro/libogc/lib/wii\libogc.a(system.o)
                0x8001aa80                __SYS_GetRTC
 .text.__SYS_SetBootTime
                0x8001ab18      0x108 C:/devkitPro/libogc/lib/wii\libogc.a(system.o)
                0x8001ab18                __SYS_SetBootTime
 .text.__SYS_GetIPCBufferLo
                0x8001ac20        0x8 C:/devkitPro/libogc/lib/wii\libogc.a(system.o)
                0x8001ac20                __SYS_GetIPCBufferLo
 .text.__SYS_GetIPCBufferHi
                0x8001ac28        0x8 C:/devkitPro/libogc/lib/wii\libogc.a(system.o)
                0x8001ac28                __SYS_GetIPCBufferHi
 .text.__SYS_DoPowerCB
                0x8001ac30       0x74 C:/devkitPro/libogc/lib/wii\libogc.a(system.o)
                0x8001ac30                __SYS_DoPowerCB
 .text.__SYS_PreInit
                0x8001aca4        0x4 C:/devkitPro/libogc/lib/wii\libogc.a(system.o)
                0x8001aca4                __SYS_PreInit
 .text.SYS_PreMain
                0x8001aca8       0x7c C:/devkitPro/libogc/lib/wii\libogc.a(system.o)
                0x8001aca8                SYS_PreMain
 .text.SYS_ResetButtonDown
                0x8001ad24       0x18 C:/devkitPro/libogc/lib/wii\libogc.a(system.o)
                0x8001ad24                SYS_ResetButtonDown
 .text.SYS_ResetSystem
                0x8001ad3c      0x1f8 C:/devkitPro/libogc/lib/wii\libogc.a(system.o)
                0x8001ad3c                SYS_ResetSystem
 .text.__reload
                0x8001af34       0x84 C:/devkitPro/libogc/lib/wii\libogc.a(system.o)
                0x8001af34                __reload
 .text.__syscall_exit
                0x8001afb8       0x8c C:/devkitPro/libogc/lib/wii\libogc.a(system.o)
                0x8001afb8                __syscall_exit
 .text.SYS_RegisterResetFunc
                0x8001b044       0x78 C:/devkitPro/libogc/lib/wii\libogc.a(system.o)
                0x8001b044                SYS_RegisterResetFunc
 .text.SYS_SetArena1Lo
                0x8001b0bc       0x38 C:/devkitPro/libogc/lib/wii\libogc.a(system.o)
                0x8001b0bc                SYS_SetArena1Lo
 .text.SYS_GetArena1Lo
                0x8001b0f4       0x38 C:/devkitPro/libogc/lib/wii\libogc.a(system.o)
                0x8001b0f4                SYS_GetArena1Lo
 .text.SYS_GetArena1Hi
                0x8001b12c       0x38 C:/devkitPro/libogc/lib/wii\libogc.a(system.o)
                0x8001b12c                SYS_GetArena1Hi
 .text.SYS_SetArena2Lo
                0x8001b164       0x38 C:/devkitPro/libogc/lib/wii\libogc.a(system.o)
                0x8001b164                SYS_SetArena2Lo
 .text.SYS_GetArena2Lo
                0x8001b19c       0x38 C:/devkitPro/libogc/lib/wii\libogc.a(system.o)
                0x8001b19c                SYS_GetArena2Lo
 .text.SYS_SetArena2Hi
                0x8001b1d4       0x38 C:/devkitPro/libogc/lib/wii\libogc.a(system.o)
                0x8001b1d4                SYS_SetArena2Hi
 .text.SYS_GetArena2Hi
                0x8001b20c       0x38 C:/devkitPro/libogc/lib/wii\libogc.a(system.o)
                0x8001b20c                SYS_GetArena2Hi
 .text.SYS_AllocateFramebuffer
                0x8001b244       0x28 C:/devkitPro/libogc/lib/wii\libogc.a(system.o)
                0x8001b244                SYS_AllocateFramebuffer
 .text.SYS_CreateAlarm
                0x8001b26c      0x104 C:/devkitPro/libogc/lib/wii\libogc.a(system.o)
                0x8001b26c                SYS_CreateAlarm
 .text.SYS_SetAlarm
                0x8001b370      0x1e0 C:/devkitPro/libogc/lib/wii\libogc.a(system.o)
                0x8001b370                SYS_SetAlarm
 .text.SYS_SetPeriodicAlarm
                0x8001b550      0x270 C:/devkitPro/libogc/lib/wii\libogc.a(system.o)
                0x8001b550                SYS_SetPeriodicAlarm
 .text.SYS_RemoveAlarm
                0x8001b7c0      0x10c C:/devkitPro/libogc/lib/wii\libogc.a(system.o)
                0x8001b7c0                SYS_RemoveAlarm
 .text.SYS_CancelAlarm
                0x8001b8cc       0xbc C:/devkitPro/libogc/lib/wii\libogc.a(system.o)
                0x8001b8cc                SYS_CancelAlarm
 .text.SYS_GetWirelessID
                0x8001b988       0x90 C:/devkitPro/libogc/lib/wii\libogc.a(system.o)
                0x8001b988                SYS_GetWirelessID
 .text.SYS_SetWirelessID
                0x8001ba18       0x90 C:/devkitPro/libogc/lib/wii\libogc.a(system.o)
                0x8001ba18                SYS_SetWirelessID
 .text.SYS_SetGBSMode
                0x8001baa8       0xa8 C:/devkitPro/libogc/lib/wii\libogc.a(system.o)
                0x8001baa8                SYS_SetGBSMode
 .text.__sram_init
                0x8001bb50      0x1b8 C:/devkitPro/libogc/lib/wii\libogc.a(system.o)
                0x8001bb50                __sram_init
 .text.SYS_Init
                0x8001bd08      0x5b4 C:/devkitPro/libogc/lib/wii\libogc.a(system.o)
                0x8001bd08                SYS_Init
 .text.SYS_GetHollywoodRevision
                0x8001c2bc       0x3c C:/devkitPro/libogc/lib/wii\libogc.a(system.o)
                0x8001c2bc                SYS_GetHollywoodRevision
 .text.SYS_Time
                0x8001c2f8       0x78 C:/devkitPro/libogc/lib/wii\libogc.a(system.o)
                0x8001c2f8                SYS_Time
 .text.__lwp_cond_init
                0x8001c370       0x14 C:/devkitPro/libogc/lib/wii\libogc.a(cond.o)
                0x8001c370                __lwp_cond_init
 .text.__decrementer_init
                0x8001c384        0x4 C:/devkitPro/libogc/lib/wii\libogc.a(decrementer.o)
                0x8001c384                __decrementer_init
 .text.c_decrementer_handler
                0x8001c388        0xc C:/devkitPro/libogc/lib/wii\libogc.a(decrementer.o)
                0x8001c388                c_decrementer_handler
 .text.__lwp_mqbox_init
                0x8001c394       0x14 C:/devkitPro/libogc/lib/wii\libogc.a(message.o)
                0x8001c394                __lwp_mqbox_init
 .text.__si_transfer
                0x8001c3a8      0x194 C:/devkitPro/libogc/lib/wii\libogc.a(si.o)
 .text.__si_alarmhandler
                0x8001c53c       0xdc C:/devkitPro/libogc/lib/wii\libogc.a(si.o)
 .text.__si_completetransfer
                0x8001c618      0x1fc C:/devkitPro/libogc/lib/wii\libogc.a(si.o)
 .text.__si_transfernext
                0x8001c814       0xe0 C:/devkitPro/libogc/lib/wii\libogc.a(si.o)
 .text.SI_Busy  0x8001c8f4       0x18 C:/devkitPro/libogc/lib/wii\libogc.a(si.o)
                0x8001c8f4                SI_Busy
 .text.SI_IsChanBusy
                0x8001c90c       0x38 C:/devkitPro/libogc/lib/wii\libogc.a(si.o)
                0x8001c90c                SI_IsChanBusy
 .text.SI_SetXY
                0x8001c944       0x64 C:/devkitPro/libogc/lib/wii\libogc.a(si.o)
                0x8001c944                SI_SetXY
 .text.SI_EnablePolling
                0x8001c9a8       0x78 C:/devkitPro/libogc/lib/wii\libogc.a(si.o)
                0x8001c9a8                SI_EnablePolling
 .text.SI_DisablePolling
                0x8001ca20       0x58 C:/devkitPro/libogc/lib/wii\libogc.a(si.o)
                0x8001ca20                SI_DisablePolling
 .text.SI_SetSamplingRate
                0x8001ca78       0xd8 C:/devkitPro/libogc/lib/wii\libogc.a(si.o)
                0x8001ca78                SI_SetSamplingRate
 .text.SI_RefreshSamplingRate
                0x8001cb50        0x8 C:/devkitPro/libogc/lib/wii\libogc.a(si.o)
                0x8001cb50                SI_RefreshSamplingRate
 .text.SI_GetStatus
                0x8001cb58       0x78 C:/devkitPro/libogc/lib/wii\libogc.a(si.o)
                0x8001cb58                SI_GetStatus
 .text.SI_GetResponseRaw
                0x8001cbd0       0xe8 C:/devkitPro/libogc/lib/wii\libogc.a(si.o)
                0x8001cbd0                SI_GetResponseRaw
 .text.SI_GetResponse
                0x8001ccb8       0xb8 C:/devkitPro/libogc/lib/wii\libogc.a(si.o)
                0x8001ccb8                SI_GetResponse
 .text.SI_SetCommand
                0x8001cd70       0x10 C:/devkitPro/libogc/lib/wii\libogc.a(si.o)
                0x8001cd70                SI_SetCommand
 .text.SI_Transfer
                0x8001cd80      0x268 C:/devkitPro/libogc/lib/wii\libogc.a(si.o)
                0x8001cd80                SI_Transfer
 .text.__si_gettypecallback
                0x8001cfe8      0x2c0 C:/devkitPro/libogc/lib/wii\libogc.a(si.o)
 .text.__si_interrupthandler
                0x8001d2a8      0x268 C:/devkitPro/libogc/lib/wii\libogc.a(si.o)
 .text.SI_GetType
                0x8001d510      0x214 C:/devkitPro/libogc/lib/wii\libogc.a(si.o)
                0x8001d510                SI_GetType
 .text.SI_GetTypeAsync
                0x8001d724      0x138 C:/devkitPro/libogc/lib/wii\libogc.a(si.o)
                0x8001d724                SI_GetTypeAsync
 .text.SI_EnablePollingInterrupt
                0x8001d85c       0x8c C:/devkitPro/libogc/lib/wii\libogc.a(si.o)
                0x8001d85c                SI_EnablePollingInterrupt
 .text.SI_UnregisterPollingHandler
                0x8001d8e8       0xe0 C:/devkitPro/libogc/lib/wii\libogc.a(si.o)
                0x8001d8e8                SI_UnregisterPollingHandler
 .text.__si_init
                0x8001d9c8       0xe0 C:/devkitPro/libogc/lib/wii\libogc.a(si.o)
                0x8001d9c8                __si_init
 .text.__ipc_sendrequest.part.0
                0x8001daa8       0xdc C:/devkitPro/libogc/lib/wii\libogc.a(ipc.o)
 .text.__ipc_syncrequest
                0x8001db84       0xec C:/devkitPro/libogc/lib/wii\libogc.a(ipc.o)
 .text.__ioctlvfmtCB
                0x8001dc70      0x158 C:/devkitPro/libogc/lib/wii\libogc.a(ipc.o)
 .text.__ios_ioctlvformat_parse
                0x8001ddc8      0x820 C:/devkitPro/libogc/lib/wii\libogc.a(ipc.o)
 .text.__ipc_asyncrequest
                0x8001e5e8      0x148 C:/devkitPro/libogc/lib/wii\libogc.a(ipc.o)
 .text.__ipc_interrupthandler
                0x8001e730      0x34c C:/devkitPro/libogc/lib/wii\libogc.a(ipc.o)
 .text.iosCreateHeap
                0x8001ea7c      0x138 C:/devkitPro/libogc/lib/wii\libogc.a(ipc.o)
                0x8001ea7c                iosCreateHeap
 .text.iosAlloc
                0x8001ebb4       0x30 C:/devkitPro/libogc/lib/wii\libogc.a(ipc.o)
                0x8001ebb4                iosAlloc
 .text.iosFree  0x8001ebe4       0x28 C:/devkitPro/libogc/lib/wii\libogc.a(ipc.o)
                0x8001ebe4                iosFree
 .text.__IPC_ClntInit
                0x8001ec0c       0xc8 C:/devkitPro/libogc/lib/wii\libogc.a(ipc.o)
                0x8001ec0c                __IPC_ClntInit
 .text.IOS_Open
                0x8001ecd4      0x110 C:/devkitPro/libogc/lib/wii\libogc.a(ipc.o)
                0x8001ecd4                IOS_Open
 .text.IOS_Close
                0x8001ede4       0xf0 C:/devkitPro/libogc/lib/wii\libogc.a(ipc.o)
                0x8001ede4                IOS_Close
 .text.IOS_CloseAsync
                0x8001eed4       0xb4 C:/devkitPro/libogc/lib/wii\libogc.a(ipc.o)
                0x8001eed4                IOS_CloseAsync
 .text.IOS_Read
                0x8001ef88      0x10c C:/devkitPro/libogc/lib/wii\libogc.a(ipc.o)
                0x8001ef88                IOS_Read
 .text.IOS_Write
                0x8001f094      0x10c C:/devkitPro/libogc/lib/wii\libogc.a(ipc.o)
                0x8001f094                IOS_Write
 .text.IOS_Ioctl
                0x8001f1a0      0x158 C:/devkitPro/libogc/lib/wii\libogc.a(ipc.o)
                0x8001f1a0                IOS_Ioctl
 .text.IOS_IoctlAsync
                0x8001f2f8      0x148 C:/devkitPro/libogc/lib/wii\libogc.a(ipc.o)
                0x8001f2f8                IOS_IoctlAsync
 .text.IOS_Ioctlv
                0x8001f440      0x1f0 C:/devkitPro/libogc/lib/wii\libogc.a(ipc.o)
                0x8001f440                IOS_Ioctlv
 .text.IOS_IoctlvAsync
                0x8001f630      0x1d4 C:/devkitPro/libogc/lib/wii\libogc.a(ipc.o)
                0x8001f630                IOS_IoctlvAsync
 .text.IOS_IoctlvFormat
                0x8001f804      0x16c C:/devkitPro/libogc/lib/wii\libogc.a(ipc.o)
                0x8001f804                IOS_IoctlvFormat
 .text.IOS_IoctlvReboot
                0x8001f970      0x1f4 C:/devkitPro/libogc/lib/wii\libogc.a(ipc.o)
                0x8001f970                IOS_IoctlvReboot
 .text.gettick  0x8001fb64        0x8 C:/devkitPro/libogc/lib/wii\libogc.a(timesupp.o)
                0x8001fb64                gettick
 .text.gettime  0x8001fb6c       0x18 C:/devkitPro/libogc/lib/wii\libogc.a(timesupp.o)
                0x8001fb6c                gettime
 .text.settime  0x8001fb84       0x14 C:/devkitPro/libogc/lib/wii\libogc.a(timesupp.o)
                0x8001fb84                settime
 .text.diff_usec
                0x8001fb98       0x88 C:/devkitPro/libogc/lib/wii\libogc.a(timesupp.o)
                0x8001fb98                diff_usec
 .text.__timesystem_init
                0x8001fc20       0x1c C:/devkitPro/libogc/lib/wii\libogc.a(timesupp.o)
                0x8001fc20                __timesystem_init
 .text.udelay   0x8001fc3c       0xac C:/devkitPro/libogc/lib/wii\libogc.a(timesupp.o)
                0x8001fc3c                udelay
 .text.__libogc_nanosleep
                0x8001fce8      0x144 C:/devkitPro/libogc/lib/wii\libogc.a(timesupp.o)
                0x8001fce8                __libogc_nanosleep
 .text.__libogc_gettod_r
                0x8001fe2c       0xd4 C:/devkitPro/libogc/lib/wii\libogc.a(timesupp.o)
                0x8001fe2c                __libogc_gettod_r
 .text.__syscall_lock_init
                0x8001ff00       0x6c C:/devkitPro/libogc/lib/wii\libogc.a(lock_supp.o)
                0x8001ff00                __syscall_lock_init
 .text.__syscall_lock_init_recursive
                0x8001ff6c       0x6c C:/devkitPro/libogc/lib/wii\libogc.a(lock_supp.o)
                0x8001ff6c                __syscall_lock_init_recursive
 .text.__syscall_lock_close
                0x8001ffd8       0x68 C:/devkitPro/libogc/lib/wii\libogc.a(lock_supp.o)
                0x8001ffd8                __syscall_lock_close
 .text.__syscall_lock_acquire
                0x80020040       0x18 C:/devkitPro/libogc/lib/wii\libogc.a(lock_supp.o)
                0x80020040                __syscall_lock_acquire
 .text.__syscall_lock_release
                0x80020058       0x18 C:/devkitPro/libogc/lib/wii\libogc.a(lock_supp.o)
                0x80020058                __syscall_lock_release
 .text.__usbgecko_exi_unlock
                0x80020070       0x34 C:/devkitPro/libogc/lib/wii\libogc.a(usbgecko.o)
 .text.usb_isgeckoalive
                0x800200a4      0x1bc C:/devkitPro/libogc/lib/wii\libogc.a(usbgecko.o)
                0x800200a4                usb_isgeckoalive
 .text.usb_sendbuffer_ex
                0x80020260      0x214 C:/devkitPro/libogc/lib/wii\libogc.a(usbgecko.o)
                0x80020260                usb_sendbuffer_ex
 .text.usb_sendbuffer
                0x80020474        0x8 C:/devkitPro/libogc/lib/wii\libogc.a(usbgecko.o)
                0x80020474                usb_sendbuffer
 .text.usb_sendbuffer_safe_ex
                0x8002047c      0x2ac C:/devkitPro/libogc/lib/wii\libogc.a(usbgecko.o)
                0x8002047c                usb_sendbuffer_safe_ex
 .text.usb_sendbuffer_safe
                0x80020728        0x8 C:/devkitPro/libogc/lib/wii\libogc.a(usbgecko.o)
                0x80020728                usb_sendbuffer_safe
 .text._sbrk_r  0x80020730      0x28c C:/devkitPro/libogc/lib/wii\libogc.a(sbrk.o)
                0x80020730                _sbrk_r
 .text.__memlock_init
                0x800209bc       0x7c C:/devkitPro/libogc/lib/wii\libogc.a(malloc_lock.o)
                0x800209bc                __memlock_init
 .text.__libogc_malloc_lock
                0x80020a38      0x1fc C:/devkitPro/libogc/lib/wii\libogc.a(malloc_lock.o)
                0x80020a38                __libogc_malloc_lock
 .text.__libogc_malloc_unlock
                0x80020c34       0x64 C:/devkitPro/libogc/lib/wii\libogc.a(malloc_lock.o)
                0x80020c34                __libogc_malloc_unlock
 .text.__STM_SetEventHook
                0x80020c98       0xb0 C:/devkitPro/libogc/lib/wii\libogc.a(stm.o)
                0x80020c98                __STM_SetEventHook
 .text.__STM_Init
                0x80020d48       0x8c C:/devkitPro/libogc/lib/wii\libogc.a(stm.o)
                0x80020d48                __STM_Init
 .text.__STMEventHandler
                0x80020dd4       0x64 C:/devkitPro/libogc/lib/wii\libogc.a(stm.o)
 .text.__STM_ReleaseEventHook
                0x80020e38       0x80 C:/devkitPro/libogc/lib/wii\libogc.a(stm.o)
                0x80020e38                __STM_ReleaseEventHook
 .text.__STM_Close
                0x80020eb8       0xac C:/devkitPro/libogc/lib/wii\libogc.a(stm.o)
                0x80020eb8                __STM_Close
 .text.STM_RegisterEventHandler
                0x80020f64       0x10 C:/devkitPro/libogc/lib/wii\libogc.a(stm.o)
                0x80020f64                STM_RegisterEventHandler
 .text.STM_ShutdownToStandby
                0x80020f74       0x50 C:/devkitPro/libogc/lib/wii\libogc.a(stm.o)
                0x80020f74                STM_ShutdownToStandby
 .text.STM_ShutdownToIdle
                0x80020fc4       0x70 C:/devkitPro/libogc/lib/wii\libogc.a(stm.o)
                0x80020fc4                STM_ShutdownToIdle
 .text.STM_SetLedMode
                0x80021034       0x40 C:/devkitPro/libogc/lib/wii\libogc.a(stm.o)
                0x80021034                STM_SetLedMode
 .text.STM_RebootSystem
                0x80021074       0x50 C:/devkitPro/libogc/lib/wii\libogc.a(stm.o)
                0x80021074                STM_RebootSystem
 .text.__IOS_InitializeSubsystems
                0x800210c4       0x44 C:/devkitPro/libogc/lib/wii\libogc.a(ios.o)
                0x800210c4                __IOS_InitializeSubsystems
 .text.__IOS_ShutdownSubsystems
                0x80021108       0x44 C:/devkitPro/libogc/lib/wii\libogc.a(ios.o)
                0x80021108                __IOS_ShutdownSubsystems
 .text.__IOS_LoadStartupIOS
                0x8002114c        0x8 C:/devkitPro/libogc/lib/wii\libogc.a(ios.o)
                0x8002114c                __IOS_LoadStartupIOS
 .text._ES_fstat_r
                0x80021154      0x120 C:/devkitPro/libogc/lib/wii\libogc.a(es.o)
 .text._ES_seek_r
                0x80021274       0xdc C:/devkitPro/libogc/lib/wii\libogc.a(es.o)
 .text._ES_close_r
                0x80021350       0xac C:/devkitPro/libogc/lib/wii\libogc.a(es.o)
 .text.__ES_Init
                0x800213fc       0x78 C:/devkitPro/libogc/lib/wii\libogc.a(es.o)
                0x800213fc                __ES_Init
 .text.__ES_Close
                0x80021474       0x54 C:/devkitPro/libogc/lib/wii\libogc.a(es.o)
                0x80021474                __ES_Close
 .text.ES_GetTitleID
                0x800214c8       0x94 C:/devkitPro/libogc/lib/wii\libogc.a(es.o)
                0x800214c8                ES_GetTitleID
 .text.ES_LaunchTitle
                0x8002155c       0xa4 C:/devkitPro/libogc/lib/wii\libogc.a(es.o)
                0x8002155c                ES_LaunchTitle
 .text.ES_GetNumTicketViews
                0x80021600       0x98 C:/devkitPro/libogc/lib/wii\libogc.a(es.o)
                0x80021600                ES_GetNumTicketViews
 .text.ES_GetTicketViews
                0x80021698       0x8c C:/devkitPro/libogc/lib/wii\libogc.a(es.o)
                0x80021698                ES_GetTicketViews
 .text.ES_GetStoredTMD
                0x80021724       0x90 C:/devkitPro/libogc/lib/wii\libogc.a(es.o)
                0x80021724                ES_GetStoredTMD
 .text._ES_decodepath
                0x800217b4      0x440 C:/devkitPro/libogc/lib/wii\libogc.a(es.o)
 .text._ES_stat_r
                0x80021bf4       0xec C:/devkitPro/libogc/lib/wii\libogc.a(es.o)
 .text._ES_open_r
                0x80021ce0      0x1d0 C:/devkitPro/libogc/lib/wii\libogc.a(es.o)
 .text.ES_ReadContent
                0x80021eb0       0x6c C:/devkitPro/libogc/lib/wii\libogc.a(es.o)
                0x80021eb0                ES_ReadContent
 .text._ES_read_r
                0x80021f1c      0x1a0 C:/devkitPro/libogc/lib/wii\libogc.a(es.o)
 .text.__usbv5_devicechangeCB
                0x800220bc      0x180 C:/devkitPro/libogc/lib/wii\libogc.a(usb.o)
 .text.__usbv5_attachfinishCB
                0x8002223c       0xcc C:/devkitPro/libogc/lib/wii\libogc.a(usb.o)
 .text.__usbv5_messageCB
                0x80022308       0x5c C:/devkitPro/libogc/lib/wii\libogc.a(usb.o)
 .text.__usb_control_message
                0x80022364      0x458 C:/devkitPro/libogc/lib/wii\libogc.a(usb.o)
 .text.__usb_interrupt_bulk_message
                0x800227bc      0x2c0 C:/devkitPro/libogc/lib/wii\libogc.a(usb.o)
 .text.__usbv0_messageCB
                0x80022a7c       0xa8 C:/devkitPro/libogc/lib/wii\libogc.a(usb.o)
 .text.USB_FreeDescriptors.part.0
                0x80022b24       0xfc C:/devkitPro/libogc/lib/wii\libogc.a(usb.o)
 .text.USB_GetDescriptors.part.0
                0x80022c20      0x708 C:/devkitPro/libogc/lib/wii\libogc.a(usb.o)
 .text.USBV5_SuspendResume
                0x80023328      0x138 C:/devkitPro/libogc/lib/wii\libogc.a(usb.o)
 .text.USBV5_GetDescriptors
                0x80023460      0x524 C:/devkitPro/libogc/lib/wii\libogc.a(usb.o)
 .text.USB_Deinitialize
                0x80023984       0xc8 C:/devkitPro/libogc/lib/wii\libogc.a(usb.o)
                0x80023984                USB_Deinitialize
 .text.USB_Initialize
                0x80023a4c      0x2f8 C:/devkitPro/libogc/lib/wii\libogc.a(usb.o)
                0x80023a4c                USB_Initialize
 .text.USB_OpenDevice
                0x80023d44      0x2b8 C:/devkitPro/libogc/lib/wii\libogc.a(usb.o)
                0x80023d44                USB_OpenDevice
 .text.USBV5_CloseDevice
                0x80023ffc      0x128 C:/devkitPro/libogc/lib/wii\libogc.a(usb.o)
                0x80023ffc                USBV5_CloseDevice
 .text.USB_CloseDeviceAsync
                0x80024124       0xd0 C:/devkitPro/libogc/lib/wii\libogc.a(usb.o)
                0x80024124                USB_CloseDeviceAsync
 .text.USB_ReadIntrMsgAsync
                0x800241f4       0x28 C:/devkitPro/libogc/lib/wii\libogc.a(usb.o)
                0x800241f4                USB_ReadIntrMsgAsync
 .text.USB_ReadBlkMsgAsync
                0x8002421c       0x28 C:/devkitPro/libogc/lib/wii\libogc.a(usb.o)
                0x8002421c                USB_ReadBlkMsgAsync
 .text.USB_WriteBlkMsgAsync
                0x80024244       0x28 C:/devkitPro/libogc/lib/wii\libogc.a(usb.o)
                0x80024244                USB_WriteBlkMsgAsync
 .text.USB_WriteCtrlMsgAsync
                0x8002426c        0x4 C:/devkitPro/libogc/lib/wii\libogc.a(usb.o)
                0x8002426c                USB_WriteCtrlMsgAsync
 .text.__CheckARGV
                0x80024270       0x80 C:/devkitPro/libogc/lib/wii\libogc.a(argv.o)
                0x80024270                __CheckARGV
 .text.CONF_Init
                0x800242f0      0x180 C:/devkitPro/libogc/lib/wii\libogc.a(conf.o)
                0x800242f0                CONF_Init
 .text.__CONF_GetTxt
                0x80024470      0x208 C:/devkitPro/libogc/lib/wii\libogc.a(conf.o)
                0x80024470                __CONF_GetTxt
 .text.__CONF_Find
                0x80024678       0xfc C:/devkitPro/libogc/lib/wii\libogc.a(conf.o)
                0x80024678                __CONF_Find
 .text.CONF_GetLength
                0x80024774      0x12c C:/devkitPro/libogc/lib/wii\libogc.a(conf.o)
                0x80024774                CONF_GetLength
 .text.CONF_Get
                0x800248a0      0x140 C:/devkitPro/libogc/lib/wii\libogc.a(conf.o)
                0x800248a0                CONF_Get
 .text.CONF_GetShutdownMode
                0x800249e0       0x54 C:/devkitPro/libogc/lib/wii\libogc.a(conf.o)
                0x800249e0                CONF_GetShutdownMode
 .text.CONF_GetIdleLedMode
                0x80024a34       0x54 C:/devkitPro/libogc/lib/wii\libogc.a(conf.o)
                0x80024a34                CONF_GetIdleLedMode
 .text.CONF_GetProgressiveScan
                0x80024a88       0x54 C:/devkitPro/libogc/lib/wii\libogc.a(conf.o)
                0x80024a88                CONF_GetProgressiveScan
 .text.CONF_GetEuRGB60
                0x80024adc       0x54 C:/devkitPro/libogc/lib/wii\libogc.a(conf.o)
                0x80024adc                CONF_GetEuRGB60
 .text.CONF_GetIRSensitivity
                0x80024b30       0x54 C:/devkitPro/libogc/lib/wii\libogc.a(conf.o)
                0x80024b30                CONF_GetIRSensitivity
 .text.CONF_GetSensorBarPosition
                0x80024b84       0x54 C:/devkitPro/libogc/lib/wii\libogc.a(conf.o)
                0x80024b84                CONF_GetSensorBarPosition
 .text.CONF_GetCounterBias
                0x80024bd8       0x4c C:/devkitPro/libogc/lib/wii\libogc.a(conf.o)
                0x80024bd8                CONF_GetCounterBias
 .text.CONF_GetDisplayOffsetH
                0x80024c24       0x4c C:/devkitPro/libogc/lib/wii\libogc.a(conf.o)
                0x80024c24                CONF_GetDisplayOffsetH
 .text.CONF_GetPadDevices
                0x80024c70       0x4c C:/devkitPro/libogc/lib/wii\libogc.a(conf.o)
                0x80024c70                CONF_GetPadDevices
 .text.CONF_GetVideo
                0x80024cbc       0x88 C:/devkitPro/libogc/lib/wii\libogc.a(conf.o)
                0x80024cbc                CONF_GetVideo
 .text.__WII_WriteNANDBootInfo.isra.0
                0x80024d44       0xbc C:/devkitPro/libogc/lib/wii\libogc.a(wiilaunch.o)
 .text.__WII_WriteStateFlags.isra.0
                0x80024e00       0x94 C:/devkitPro/libogc/lib/wii\libogc.a(wiilaunch.o)
 .text.WII_Initialize
                0x80024e94      0x188 C:/devkitPro/libogc/lib/wii\libogc.a(wiilaunch.o)
                0x80024e94                WII_Initialize
 .text.WII_LaunchTitle
                0x8002501c      0x1ac C:/devkitPro/libogc/lib/wii\libogc.a(wiilaunch.o)
                0x8002501c                WII_LaunchTitle
 .text.WII_ReturnToMenu
                0x800251c8       0x58 C:/devkitPro/libogc/lib/wii\libogc.a(wiilaunch.o)
                0x800251c8                WII_ReturnToMenu
 .text.__lwp_priority_init
                0x80025220       0x1c C:/devkitPro/libogc/lib/wii\libogc.a(lwp_priority.o)
                0x80025220                __lwp_priority_init
 .text.__lwp_threadqueue_enqueuefifo
                0x8002523c      0x12c C:/devkitPro/libogc/lib/wii\libogc.a(lwp_threadq.o)
                0x8002523c                __lwp_threadqueue_enqueuefifo
 .text.__lwp_threadqueue_dequeuefifo
                0x80025368      0x140 C:/devkitPro/libogc/lib/wii\libogc.a(lwp_threadq.o)
                0x80025368                __lwp_threadqueue_dequeuefifo
 .text.__lwp_threadqueue_enqueuepriority
                0x800254a8      0x338 C:/devkitPro/libogc/lib/wii\libogc.a(lwp_threadq.o)
                0x800254a8                __lwp_threadqueue_enqueuepriority
 .text.__lwp_threadqueue_dequeuepriority
                0x800257e0      0x1d8 C:/devkitPro/libogc/lib/wii\libogc.a(lwp_threadq.o)
                0x800257e0                __lwp_threadqueue_dequeuepriority
 .text.__lwp_threadqueue_init
                0x800259b8       0x64 C:/devkitPro/libogc/lib/wii\libogc.a(lwp_threadq.o)
                0x800259b8                __lwp_threadqueue_init
 .text.__lwp_threadqueue_enqueue
                0x80025a1c      0x138 C:/devkitPro/libogc/lib/wii\libogc.a(lwp_threadq.o)
                0x80025a1c                __lwp_threadqueue_enqueue
 .text.__lwp_threadqueue_dequeue
                0x80025b54       0x24 C:/devkitPro/libogc/lib/wii\libogc.a(lwp_threadq.o)
                0x80025b54                __lwp_threadqueue_dequeue
 .text.__lwp_threadqueue_flush
                0x80025b78       0x68 C:/devkitPro/libogc/lib/wii\libogc.a(lwp_threadq.o)
                0x80025b78                __lwp_threadqueue_flush
 .text.__lwp_threadqueue_extractfifo
                0x80025be0       0xe8 C:/devkitPro/libogc/lib/wii\libogc.a(lwp_threadq.o)
                0x80025be0                __lwp_threadqueue_extractfifo
 .text.__lwp_threadqueue_extractpriority
                0x80025cc8      0x148 C:/devkitPro/libogc/lib/wii\libogc.a(lwp_threadq.o)
                0x80025cc8                __lwp_threadqueue_extractpriority
 .text.__lwp_threadqueue_timeout
                0x80025e10       0xd0 C:/devkitPro/libogc/lib/wii\libogc.a(lwp_threadq.o)
 .text.__lwp_threadqueue_extractproxy
                0x80025ee0       0x64 C:/devkitPro/libogc/lib/wii\libogc.a(lwp_threadq.o)
                0x80025ee0                __lwp_threadqueue_extractproxy
 .text.__lwp_mutex_initialize
                0x80025f44       0xa4 C:/devkitPro/libogc/lib/wii\libogc.a(lwp_mutex.o)
                0x80025f44                __lwp_mutex_initialize
 .text.__lwp_mutex_surrender
                0x80025fe8      0x14c C:/devkitPro/libogc/lib/wii\libogc.a(lwp_mutex.o)
                0x80025fe8                __lwp_mutex_surrender
 .text.__lwp_mutex_seize_irq_blocking
                0x80026134       0xf8 C:/devkitPro/libogc/lib/wii\libogc.a(lwp_mutex.o)
                0x80026134                __lwp_mutex_seize_irq_blocking
 .text.__lwp_mutex_flush
                0x8002622c        0x4 C:/devkitPro/libogc/lib/wii\libogc.a(lwp_mutex.o)
                0x8002622c                __lwp_mutex_flush
 .text.__systemcall_init
                0x80026230       0x6c C:/devkitPro/libogc/lib/wii\libogc.a(exception.o)
                0x80026230                __systemcall_init
 .text.__exception_init
                0x8002629c      0x120 C:/devkitPro/libogc/lib/wii\libogc.a(exception.o)
                0x8002629c                __exception_init
 .text.__exception_close
                0x800263bc       0xac C:/devkitPro/libogc/lib/wii\libogc.a(exception.o)
                0x800263bc                __exception_close
 .text.__exception_closeall
                0x80026468       0x80 C:/devkitPro/libogc/lib/wii\libogc.a(exception.o)
                0x80026468                __exception_closeall
 .text.c_default_exceptionhandler
                0x800264e8      0x474 C:/devkitPro/libogc/lib/wii\libogc.a(exception.o)
                0x800264e8                c_default_exceptionhandler
 .text.__lwp_sema_init
                0x8002695c       0x14 C:/devkitPro/libogc/lib/wii\libogc.a(semaphore.o)
                0x8002695c                __lwp_sema_init
 .text.SPEC1_MakeStatus
                0x80026970      0x104 C:/devkitPro/libogc/lib/wii\libogc.a(pad.o)
 .text.__pad_samplinghandler
                0x80026a74        0x4 C:/devkitPro/libogc/lib/wii\libogc.a(pad.o)
 .text.__pad_doreset
                0x80026a78       0x50 C:/devkitPro/libogc/lib/wii\libogc.a(pad.o)
 .text.__pad_updateorigin
                0x80026ac8       0xa4 C:/devkitPro/libogc/lib/wii\libogc.a(pad.o)
 .text.__pad_disable
                0x80026b6c       0xbc C:/devkitPro/libogc/lib/wii\libogc.a(pad.o)
 .text.__pad_receivecheckcallback
                0x80026c28       0x84 C:/devkitPro/libogc/lib/wii\libogc.a(pad.o)
 .text.__pad_typeandstatuscallback
                0x80026cac      0x1ac C:/devkitPro/libogc/lib/wii\libogc.a(pad.o)
 .text.__pad_originupdatecallback
                0x80026e58       0x2c C:/devkitPro/libogc/lib/wii\libogc.a(pad.o)
 .text.SPEC2_MakeStatus
                0x80026e84      0x214 C:/devkitPro/libogc/lib/wii\libogc.a(pad.o)
 .text.__pad_onreset
                0x80027098      0x108 C:/devkitPro/libogc/lib/wii\libogc.a(pad.o)
 .text.__pad_origincallback
                0x800271a0       0x74 C:/devkitPro/libogc/lib/wii\libogc.a(pad.o)
 .text.__pad_probecallback
                0x80027214       0x88 C:/devkitPro/libogc/lib/wii\libogc.a(pad.o)
 .text.__PADDisableRecalibration
                0x8002729c       0x60 C:/devkitPro/libogc/lib/wii\libogc.a(pad.o)
                0x8002729c                __PADDisableRecalibration
 .text.PAD_Reset
                0x800272fc       0xf0 C:/devkitPro/libogc/lib/wii\libogc.a(pad.o)
                0x800272fc                PAD_Reset
 .text.PAD_Read
                0x800273ec      0x2d4 C:/devkitPro/libogc/lib/wii\libogc.a(pad.o)
                0x800273ec                PAD_Read
 .text.PAD_Init
                0x800276c0      0x100 C:/devkitPro/libogc/lib/wii\libogc.a(pad.o)
                0x800276c0                PAD_Init
 .text.PAD_ScanPads
                0x800277c0      0x14c C:/devkitPro/libogc/lib/wii\libogc.a(pad.o)
                0x800277c0                PAD_ScanPads
 .text.PAD_ButtonsDown
                0x8002790c       0x40 C:/devkitPro/libogc/lib/wii\libogc.a(pad.o)
                0x8002790c                PAD_ButtonsDown
 .text.__exi_irq_handler
                0x8002794c       0x58 C:/devkitPro/libogc/lib/wii\libogc.a(exi.o)
 .text.__ext_irq_handler
                0x800279a4       0xc8 C:/devkitPro/libogc/lib/wii\libogc.a(exi.o)
 .text.__tc_irq_handler
                0x80027a6c      0x178 C:/devkitPro/libogc/lib/wii\libogc.a(exi.o)
 .text.__exi_probe
                0x80027be4      0x214 C:/devkitPro/libogc/lib/wii\libogc.a(exi.o)
 .text.__exi_attach
                0x80027df8      0x104 C:/devkitPro/libogc/lib/wii\libogc.a(exi.o)
 .text.EXI_Lock
                0x80027efc      0x218 C:/devkitPro/libogc/lib/wii\libogc.a(exi.o)
                0x80027efc                EXI_Lock
 .text.EXI_Unlock
                0x80028114      0x224 C:/devkitPro/libogc/lib/wii\libogc.a(exi.o)
                0x80028114                EXI_Unlock
 .text.EXI_Select
                0x80028338      0x21c C:/devkitPro/libogc/lib/wii\libogc.a(exi.o)
                0x80028338                EXI_Select
 .text.EXI_Deselect
                0x80028554      0x174 C:/devkitPro/libogc/lib/wii\libogc.a(exi.o)
                0x80028554                EXI_Deselect
 .text.EXI_Sync
                0x800286c8      0x108 C:/devkitPro/libogc/lib/wii\libogc.a(exi.o)
                0x800286c8                EXI_Sync
 .text.EXI_Imm  0x800287d0      0x1f8 C:/devkitPro/libogc/lib/wii\libogc.a(exi.o)
                0x800287d0                EXI_Imm
 .text.EXI_ImmEx
                0x800289c8       0xd0 C:/devkitPro/libogc/lib/wii\libogc.a(exi.o)
                0x800289c8                EXI_ImmEx
 .text.EXI_Dma  0x80028a98      0x16c C:/devkitPro/libogc/lib/wii\libogc.a(exi.o)
                0x80028a98                EXI_Dma
 .text.EXI_Detach
                0x80028c04       0xac C:/devkitPro/libogc/lib/wii\libogc.a(exi.o)
                0x80028c04                EXI_Detach
 .text.EXI_GetID
                0x80028cb0      0x354 C:/devkitPro/libogc/lib/wii\libogc.a(exi.o)
                0x80028cb0                EXI_GetID
 .text.__unlocked_handler
                0x80029004       0x28 C:/devkitPro/libogc/lib/wii\libogc.a(exi.o)
 .text.EXI_ProbeReset
                0x8002902c       0x70 C:/devkitPro/libogc/lib/wii\libogc.a(exi.o)
                0x8002902c                EXI_ProbeReset
 .text.__exi_init
                0x8002909c      0x178 C:/devkitPro/libogc/lib/wii\libogc.a(exi.o)
                0x8002909c                __exi_init
 .text.__lwp_mutex_locksupp.constprop.0
                0x80029214      0x2a8 C:/devkitPro/libogc/lib/wii\libogc.a(mutex.o)
 .text.__lwp_mutex_init
                0x800294bc       0x14 C:/devkitPro/libogc/lib/wii\libogc.a(mutex.o)
                0x800294bc                __lwp_mutex_init
 .text.LWP_MutexInit
                0x800294d0       0xf8 C:/devkitPro/libogc/lib/wii\libogc.a(mutex.o)
                0x800294d0                LWP_MutexInit
 .text.LWP_MutexDestroy
                0x800295c8      0x104 C:/devkitPro/libogc/lib/wii\libogc.a(mutex.o)
                0x800295c8                LWP_MutexDestroy
 .text.LWP_MutexLock
                0x800296cc        0x8 C:/devkitPro/libogc/lib/wii\libogc.a(mutex.o)
                0x800296cc                LWP_MutexLock
 .text.LWP_MutexUnlock
                0x800296d4       0x9c C:/devkitPro/libogc/lib/wii\libogc.a(mutex.o)
                0x800296d4                LWP_MutexUnlock
 .text.__GX_InitRevBits
                0x80029770       0x98 C:/devkitPro/libogc/lib/wii\libogc.a(gx.o)
 .text.GX_AbortFrame
                0x80029808      0x374 C:/devkitPro/libogc/lib/wii\libogc.a(gx.o)
                0x80029808                GX_AbortFrame
 .text.number   0x80029b7c      0x410 C:/devkitPro/libogc/lib/wii\libogc.a(kprintf.o)
 .text.kvsprintf
                0x80029f8c      0x900 C:/devkitPro/libogc/lib/wii\libogc.a(kprintf.o)
                0x80029f8c                kvsprintf
 .text.kprintf  0x8002a88c       0xac C:/devkitPro/libogc/lib/wii\libogc.a(kprintf.o)
                0x8002a88c                kprintf
 .text.net_wc24cleanup
                0x8002a938       0x64 C:/devkitPro/libogc/lib/wii\libogc.a(network_wii.o)
                0x8002a938                net_wc24cleanup
 .text.atanf    0x8002a99c      0x290 C:/devkitPro/devkitPPC/bin/../lib/gcc/powerpc-eabi/14.2.0/../../../../powerpc-eabi/lib\libm.a(libm_a-sf_atan.o)
                0x8002a99c                atanf
 .text.atan2    0x8002ac2c        0x4 C:/devkitPro/devkitPPC/bin/../lib/gcc/powerpc-eabi/14.2.0/../../../../powerpc-eabi/lib\libm.a(libm_a-w_atan2.o)
                0x8002ac2c                atan2
 .text.fabsf    0x8002ac30       0x20 C:/devkitPro/devkitPPC/bin/../lib/gcc/powerpc-eabi/14.2.0/../../../../powerpc-eabi/lib\libm.a(libm_a-sf_fabs.o)
                0x8002ac30                fabsf
 .text.cosf     0x8002ac50       0xd4 C:/devkitPro/devkitPPC/bin/../lib/gcc/powerpc-eabi/14.2.0/../../../../powerpc-eabi/lib\libm.a(libm_a-sf_cos.o)
                0x8002ac50                cosf
 .text.sqrtf    0x8002ad24       0x74 C:/devkitPro/devkitPPC/bin/../lib/gcc/powerpc-eabi/14.2.0/../../../../powerpc-eabi/lib\libm.a(libm_a-wf_sqrt.o)
                0x8002ad24                sqrtf
 .text.hypotf   0x8002ad98       0x8c C:/devkitPro/devkitPPC/bin/../lib/gcc/powerpc-eabi/14.2.0/../../../../powerpc-eabi/lib\libm.a(libm_a-wf_hypot.o)
                0x8002ad98                hypotf
 .text.atan2f   0x8002ae24        0x4 C:/devkitPro/devkitPPC/bin/../lib/gcc/powerpc-eabi/14.2.0/../../../../powerpc-eabi/lib\libm.a(libm_a-wf_atan2.o)
                0x8002ae24                atan2f
 .text.__ieee754_hypotf
                0x8002ae28      0x214 C:/devkitPro/devkitPPC/bin/../lib/gcc/powerpc-eabi/14.2.0/../../../../powerpc-eabi/lib\libm.a(libm_a-ef_hypot.o)
                0x8002ae28                __ieee754_hypotf
 .text.__kernel_cosf
                0x8002b03c      0x188 C:/devkitPro/devkitPPC/bin/../lib/gcc/powerpc-eabi/14.2.0/../../../../powerpc-eabi/lib\libm.a(libm_a-kf_cos.o)
                0x8002b03c                __kernel_cosf
 .text.sincos   0x8002b1c4       0x58 C:/devkitPro/devkitPPC/bin/../lib/gcc/powerpc-eabi/14.2.0/../../../../powerpc-eabi/lib\libm.a(libm_a-w_sincos.o)
                0x8002b1c4                sincos
 .text.__ieee754_atan2
                0x8002b21c      0x2b4 C:/devkitPro/devkitPPC/bin/../lib/gcc/powerpc-eabi/14.2.0/../../../../powerpc-eabi/lib\libm.a(libm_a-e_atan2.o)
                0x8002b21c                __ieee754_atan2
 .text.finitef  0x8002b4d0       0x28 C:/devkitPro/devkitPPC/bin/../lib/gcc/powerpc-eabi/14.2.0/../../../../powerpc-eabi/lib\libm.a(libm_a-sf_finite.o)
                0x8002b4d0                finitef